11:08:37 **** Incremental Build of configuration Debug for project hello_world ****
make all 
make: Ništa za napraviti za `all'.
11:08:44 **** Incremental Build of configuration Debug for project hello_world ****
make all 
make: Ništa za napraviti za `all'.
11:10:44 **** Auto Build of configuration Debug for project hello_world ****
make all 
'Building file: ../src/helloworld.c'
'Invoking: MicroBlaze gcc compiler'
mb-gcc -Wall -O0 -g3 -c -fmessage-length=0 -I../../hello_world_bsp/microblaze_0/include -mlittle-endian -mxl-barrel-shift -mxl-pattern-compare -mcpu=v8.50.b -mno-xl-soft-mul -Wl,--no-relax -ffunction-sections -fdata-sections -MMD -MP -MF"src/helloworld.d" -MT"src/helloworld.d" -o "src/helloworld.o" "../src/helloworld.c"
'Finished building: ../src/helloworld.c'
' '
'Building target: hello_world.elf'
'Invoking: MicroBlaze gcc linker'
mb-gcc -Wl,-T -Wl,../src/lscript.ld -L../../hello_world_bsp/microblaze_0/lib -mlittle-endian -mxl-barrel-shift -mxl-pattern-compare -mcpu=v8.50.b -mno-xl-soft-mul -Wl,--no-relax -Wl,--gc-sections -o "hello_world.elf"  ./src/helloworld.o ./src/platform.o ./src/vga_periph_mem.o   -Wl,--start-group,-lxil,-lgcc,-lc,--end-group
'Finished building target: hello_world.elf'
' '
'Invoking: MicroBlaze Print Size'
mb-size hello_world.elf  |tee "hello_world.elf.size"
   text	   data	    bss	    dec	    hex	filename
   3386	    268	   2098	   5752	   1678	hello_world.elf
'Finished building: hello_world.elf.size'
' '
'Invoking: Xilinx ELF Check'
elfcheck hello_world.elf -hw ../../basic_system_hw_platform/system.xml -pe microblaze_0  |tee "hello_world.elf.elfcheck"
elfcheck
Xilinx EDK 14.6 Build EDK_P.68d
Copyright (c) 1995-2012 Xilinx, Inc.  All rights reserved.

Command Line: elfcheck -hw ../../basic_system_hw_platform/system.xml -pe
microblaze_0 hello_world.elf 

ELF file	: hello_world.elf
elfcheck passed.
'Finished building: hello_world.elf.elfcheck'
' '
11:10:47 **** Incremental Build of configuration Debug for project hello_world ****
make all 
make: Ništa za napraviti za `all'.
11:11:14 **** Auto Build of configuration Debug for project hello_world ****
make all 
'Building file: ../src/helloworld.c'
'Invoking: MicroBlaze gcc compiler'
mb-gcc -Wall -O0 -g3 -c -fmessage-length=0 -I../../hello_world_bsp/microblaze_0/include -mlittle-endian -mxl-barrel-shift -mxl-pattern-compare -mcpu=v8.50.b -mno-xl-soft-mul -Wl,--no-relax -ffunction-sections -fdata-sections -MMD -MP -MF"src/helloworld.d" -MT"src/helloworld.d" -o "src/helloworld.o" "../src/helloworld.c"
'Finished building: ../src/helloworld.c'
' '
'Building target: hello_world.elf'
'Invoking: MicroBlaze gcc linker'
mb-gcc -Wl,-T -Wl,../src/lscript.ld -L../../hello_world_bsp/microblaze_0/lib -mlittle-endian -mxl-barrel-shift -mxl-pattern-compare -mcpu=v8.50.b -mno-xl-soft-mul -Wl,--no-relax -Wl,--gc-sections -o "hello_world.elf"  ./src/helloworld.o ./src/platform.o ./src/vga_periph_mem.o   -Wl,--start-group,-lxil,-lgcc,-lc,--end-group
'Finished building target: hello_world.elf'
' '
'Invoking: MicroBlaze Print Size'
mb-size hello_world.elf  |tee "hello_world.elf.size"
   text	   data	    bss	    dec	    hex	filename
   3670	    268	   2088	   6026	   178a	hello_world.elf
'Finished building: hello_world.elf.size'
' '
'Invoking: Xilinx ELF Check'
elfcheck hello_world.elf -hw ../../basic_system_hw_platform/system.xml -pe microblaze_0  |tee "hello_world.elf.elfcheck"
elfcheck
Xilinx EDK 14.6 Build EDK_P.68d
Copyright (c) 1995-2012 Xilinx, Inc.  All rights reserved.

Command Line: elfcheck -hw ../../basic_system_hw_platform/system.xml -pe
microblaze_0 hello_world.elf 

ELF file	: hello_world.elf
elfcheck passed.
'Finished building: hello_world.elf.elfcheck'
' '
11:11:16 **** Incremental Build of configuration Debug for project hello_world ****
make all 
make: Ništa za napraviti za `all'.
11:11:33 **** Auto Build of configuration Debug for project hello_world ****
make all 
'Building file: ../src/helloworld.c'
'Invoking: MicroBlaze gcc compiler'
mb-gcc -Wall -O0 -g3 -c -fmessage-length=0 -I../../hello_world_bsp/microblaze_0/include -mlittle-endian -mxl-barrel-shift -mxl-pattern-compare -mcpu=v8.50.b -mno-xl-soft-mul -Wl,--no-relax -ffunction-sections -fdata-sections -MMD -MP -MF"src/helloworld.d" -MT"src/helloworld.d" -o "src/helloworld.o" "../src/helloworld.c"
'Finished building: ../src/helloworld.c'
' '
'Building target: hello_world.elf'
'Invoking: MicroBlaze gcc linker'
mb-gcc -Wl,-T -Wl,../src/lscript.ld -L../../hello_world_bsp/microblaze_0/lib -mlittle-endian -mxl-barrel-shift -mxl-pattern-compare -mcpu=v8.50.b -mno-xl-soft-mul -Wl,--no-relax -Wl,--gc-sections -o "hello_world.elf"  ./src/helloworld.o ./src/platform.o ./src/vga_periph_mem.o   -Wl,--start-group,-lxil,-lgcc,-lc,--end-group
'Finished building target: hello_world.elf'
' '
'Invoking: MicroBlaze Print Size'
mb-size hello_world.elf  |tee "hello_world.elf.size"
   text	   data	    bss	    dec	    hex	filename
   3386	    268	   2098	   5752	   1678	hello_world.elf
'Finished building: hello_world.elf.size'
' '
'Invoking: Xilinx ELF Check'
elfcheck hello_world.elf -hw ../../basic_system_hw_platform/system.xml -pe microblaze_0  |tee "hello_world.elf.elfcheck"
elfcheck
Xilinx EDK 14.6 Build EDK_P.68d
Copyright (c) 1995-2012 Xilinx, Inc.  All rights reserved.

Command Line: elfcheck -hw ../../basic_system_hw_platform/system.xml -pe
microblaze_0 hello_world.elf 

ELF file	: hello_world.elf
elfcheck passed.
'Finished building: hello_world.elf.elfcheck'
' '
11:11:37 **** Auto Build of configuration Debug for project hello_world ****
make all 
'Building file: ../src/helloworld.c'
'Invoking: MicroBlaze gcc compiler'
mb-gcc -Wall -O0 -g3 -c -fmessage-length=0 -I../../hello_world_bsp/microblaze_0/include -mlittle-endian -mxl-barrel-shift -mxl-pattern-compare -mcpu=v8.50.b -mno-xl-soft-mul -Wl,--no-relax -ffunction-sections -fdata-sections -MMD -MP -MF"src/helloworld.d" -MT"src/helloworld.d" -o "src/helloworld.o" "../src/helloworld.c"
'Finished building: ../src/helloworld.c'
' '
'Building target: hello_world.elf'
'Invoking: MicroBlaze gcc linker'
mb-gcc -Wl,-T -Wl,../src/lscript.ld -L../../hello_world_bsp/microblaze_0/lib -mlittle-endian -mxl-barrel-shift -mxl-pattern-compare -mcpu=v8.50.b -mno-xl-soft-mul -Wl,--no-relax -Wl,--gc-sections -o "hello_world.elf"  ./src/helloworld.o ./src/platform.o ./src/vga_periph_mem.o   -Wl,--start-group,-lxil,-lgcc,-lc,--end-group
'Finished building target: hello_world.elf'
' '
'Invoking: MicroBlaze Print Size'
mb-size hello_world.elf  |tee "hello_world.elf.size"
   text	   data	    bss	    dec	    hex	filename
   3102	    268	   2088	   5458	   1552	hello_world.elf
'Finished building: hello_world.elf.size'
' '
'Invoking: Xilinx ELF Check'
elfcheck hello_world.elf -hw ../../basic_system_hw_platform/system.xml -pe microblaze_0  |tee "hello_world.elf.elfcheck"
elfcheck
Xilinx EDK 14.6 Build EDK_P.68d
Copyright (c) 1995-2012 Xilinx, Inc.  All rights reserved.

Command Line: elfcheck -hw ../../basic_system_hw_platform/system.xml -pe
microblaze_0 hello_world.elf 

ELF file	: hello_world.elf
elfcheck passed.
'Finished building: hello_world.elf.elfcheck'
' '
11:11:41 **** Incremental Build of configuration Debug for project hello_world ****
make all 
make: Ništa za napraviti za `all'.
11:11:51 **** Auto Build of configuration Debug for project hello_world ****
make all 
'Building file: ../src/helloworld.c'
'Invoking: MicroBlaze gcc compiler'
mb-gcc -Wall -O0 -g3 -c -fmessage-length=0 -I../../hello_world_bsp/microblaze_0/include -mlittle-endian -mxl-barrel-shift -mxl-pattern-compare -mcpu=v8.50.b -mno-xl-soft-mul -Wl,--no-relax -ffunction-sections -fdata-sections -MMD -MP -MF"src/helloworld.d" -MT"src/helloworld.d" -o "src/helloworld.o" "../src/helloworld.c"
'Finished building: ../src/helloworld.c'
' '
'Building target: hello_world.elf'
'Invoking: MicroBlaze gcc linker'
mb-gcc -Wl,-T -Wl,../src/lscript.ld -L../../hello_world_bsp/microblaze_0/lib -mlittle-endian -mxl-barrel-shift -mxl-pattern-compare -mcpu=v8.50.b -mno-xl-soft-mul -Wl,--no-relax -Wl,--gc-sections -o "hello_world.elf"  ./src/helloworld.o ./src/platform.o ./src/vga_periph_mem.o   -Wl,--start-group,-lxil,-lgcc,-lc,--end-group
'Finished building target: hello_world.elf'
' '
'Invoking: MicroBlaze Print Size'
mb-size hello_world.elf  |tee "hello_world.elf.size"
   text	   data	    bss	    dec	    hex	filename
   3102	    268	   2088	   5458	   1552	hello_world.elf
'Finished building: hello_world.elf.size'
' '
'Invoking: Xilinx ELF Check'
elfcheck hello_world.elf -hw ../../basic_system_hw_platform/system.xml -pe microblaze_0  |tee "hello_world.elf.elfcheck"
elfcheck
Xilinx EDK 14.6 Build EDK_P.68d
Copyright (c) 1995-2012 Xilinx, Inc.  All rights reserved.

Command Line: elfcheck -hw ../../basic_system_hw_platform/system.xml -pe
microblaze_0 hello_world.elf 

ELF file	: hello_world.elf
elfcheck passed.
'Finished building: hello_world.elf.elfcheck'
' '
11:12:10 **** Auto Build of configuration Debug for project hello_world ****
make all 
'Building file: ../src/vga_periph_mem.c'
'Invoking: MicroBlaze gcc compiler'
mb-gcc -Wall -O0 -g3 -c -fmessage-length=0 -I../../hello_world_bsp/microblaze_0/include -mlittle-endian -mxl-barrel-shift -mxl-pattern-compare -mcpu=v8.50.b -mno-xl-soft-mul -Wl,--no-relax -ffunction-sections -fdata-sections -MMD -MP -MF"src/vga_periph_mem.d" -MT"src/vga_periph_mem.d" -o "src/vga_periph_mem.o" "../src/vga_periph_mem.c"
'Finished building: ../src/vga_periph_mem.c'
' '
'Building target: hello_world.elf'
'Invoking: MicroBlaze gcc linker'
mb-gcc -Wl,-T -Wl,../src/lscript.ld -L../../hello_world_bsp/microblaze_0/lib -mlittle-endian -mxl-barrel-shift -mxl-pattern-compare -mcpu=v8.50.b -mno-xl-soft-mul -Wl,--no-relax -Wl,--gc-sections -o "hello_world.elf"  ./src/helloworld.o ./src/platform.o ./src/vga_periph_mem.o   -Wl,--start-group,-lxil,-lgcc,-lc,--end-group
'Finished building target: hello_world.elf'
' '
'Invoking: MicroBlaze Print Size'
mb-size hello_world.elf  |tee "hello_world.elf.size"
   text	   data	    bss	    dec	    hex	filename
   3102	    268	   2088	   5458	   1552	hello_world.elf
'Finished building: hello_world.elf.size'
' '
'Invoking: Xilinx ELF Check'
elfcheck hello_world.elf -hw ../../basic_system_hw_platform/system.xml -pe microblaze_0  |tee "hello_world.elf.elfcheck"
elfcheck
Xilinx EDK 14.6 Build EDK_P.68d
Copyright (c) 1995-2012 Xilinx, Inc.  All rights reserved.

Command Line: elfcheck -hw ../../basic_system_hw_platform/system.xml -pe
microblaze_0 hello_world.elf 

ELF file	: hello_world.elf
elfcheck passed.
'Finished building: hello_world.elf.elfcheck'
' '
11:12:22 **** Auto Build of configuration Debug for project hello_world ****
make all 
make: Ništa za napraviti za `all'.
11:12:28 **** Auto Build of configuration Debug for project hello_world ****
make all 
'Building file: ../src/helloworld.c'
'Invoking: MicroBlaze gcc compiler'
mb-gcc -Wall -O0 -g3 -c -fmessage-length=0 -I../../hello_world_bsp/microblaze_0/include -mlittle-endian -mxl-barrel-shift -mxl-pattern-compare -mcpu=v8.50.b -mno-xl-soft-mul -Wl,--no-relax -ffunction-sections -fdata-sections -MMD -MP -MF"src/helloworld.d" -MT"src/helloworld.d" -o "src/helloworld.o" "../src/helloworld.c"
../src/helloworld.c: In function 'main':
../src/helloworld.c:83:15: error: expected expression before 'Xuint32'
../src/helloworld.c:90:5: error: expected ';' before 'return'
../src/helloworld.c:91:1: warning: control reaches end of non-void function [-Wreturn-type]
make: *** [src/helloworld.o] Greška 1
11:12:30 **** Auto Build of configuration Debug for project hello_world ****
make all 
'Building file: ../src/helloworld.c'
'Invoking: MicroBlaze gcc compiler'
mb-gcc -Wall -O0 -g3 -c -fmessage-length=0 -I../../hello_world_bsp/microblaze_0/include -mlittle-endian -mxl-barrel-shift -mxl-pattern-compare -mcpu=v8.50.b -mno-xl-soft-mul -Wl,--no-relax -ffunction-sections -fdata-sections -MMD -MP -MF"src/helloworld.d" -MT"src/helloworld.d" -o "src/helloworld.o" "../src/helloworld.c"
../src/helloworld.c: In function 'main':
../src/helloworld.c:83:14: error: expected expression before 'Xuint32'
../src/helloworld.c:90:5: error: expected ';' before 'return'
../src/helloworld.c:91:1: warning: control reaches end of non-void function [-Wreturn-type]
make: *** [src/helloworld.o] Greška 1
11:12:57 **** Auto Build of configuration Debug for project hello_world ****
make all 
'Building file: ../src/helloworld.c'
'Invoking: MicroBlaze gcc compiler'
mb-gcc -Wall -O0 -g3 -c -fmessage-length=0 -I../../hello_world_bsp/microblaze_0/include -mlittle-endian -mxl-barrel-shift -mxl-pattern-compare -mcpu=v8.50.b -mno-xl-soft-mul -Wl,--no-relax -ffunction-sections -fdata-sections -MMD -MP -MF"src/helloworld.d" -MT"src/helloworld.d" -o "src/helloworld.o" "../src/helloworld.c"
'Finished building: ../src/helloworld.c'
' '
'Building target: hello_world.elf'
'Invoking: MicroBlaze gcc linker'
mb-gcc -Wl,-T -Wl,../src/lscript.ld -L../../hello_world_bsp/microblaze_0/lib -mlittle-endian -mxl-barrel-shift -mxl-pattern-compare -mcpu=v8.50.b -mno-xl-soft-mul -Wl,--no-relax -Wl,--gc-sections -o "hello_world.elf"  ./src/helloworld.o ./src/platform.o ./src/vga_periph_mem.o   -Wl,--start-group,-lxil,-lgcc,-lc,--end-group
'Finished building target: hello_world.elf'
' '
'Invoking: MicroBlaze Print Size'
mb-size hello_world.elf  |tee "hello_world.elf.size"
   text	   data	    bss	    dec	    hex	filename
   3386	    268	   2098	   5752	   1678	hello_world.elf
'Finished building: hello_world.elf.size'
' '
'Invoking: Xilinx ELF Check'
elfcheck hello_world.elf -hw ../../basic_system_hw_platform/system.xml -pe microblaze_0  |tee "hello_world.elf.elfcheck"
elfcheck
Xilinx EDK 14.6 Build EDK_P.68d
Copyright (c) 1995-2012 Xilinx, Inc.  All rights reserved.

Command Line: elfcheck -hw ../../basic_system_hw_platform/system.xml -pe
microblaze_0 hello_world.elf 

ELF file	: hello_world.elf
elfcheck passed.
'Finished building: hello_world.elf.elfcheck'
' '
11:13:00 **** Incremental Build of configuration Debug for project hello_world ****
make all 
make: Ništa za napraviti za `all'.
11:13:32 **** Auto Build of configuration Debug for project hello_world ****
make all 
'Building file: ../src/vga_periph_mem.c'
'Invoking: MicroBlaze gcc compiler'
mb-gcc -Wall -O0 -g3 -c -fmessage-length=0 -I../../hello_world_bsp/microblaze_0/include -mlittle-endian -mxl-barrel-shift -mxl-pattern-compare -mcpu=v8.50.b -mno-xl-soft-mul -Wl,--no-relax -ffunction-sections -fdata-sections -MMD -MP -MF"src/vga_periph_mem.d" -MT"src/vga_periph_mem.d" -o "src/vga_periph_mem.o" "../src/vga_periph_mem.c"
'Finished building: ../src/vga_periph_mem.c'
' '
'Building target: hello_world.elf'
'Invoking: MicroBlaze gcc linker'
mb-gcc -Wl,-T -Wl,../src/lscript.ld -L../../hello_world_bsp/microblaze_0/lib -mlittle-endian -mxl-barrel-shift -mxl-pattern-compare -mcpu=v8.50.b -mno-xl-soft-mul -Wl,--no-relax -Wl,--gc-sections -o "hello_world.elf"  ./src/helloworld.o ./src/platform.o ./src/vga_periph_mem.o   -Wl,--start-group,-lxil,-lgcc,-lc,--end-group
'Finished building target: hello_world.elf'
' '
'Invoking: MicroBlaze Print Size'
mb-size hello_world.elf  |tee "hello_world.elf.size"
   text	   data	    bss	    dec	    hex	filename
   3386	    268	   2098	   5752	   1678	hello_world.elf
'Finished building: hello_world.elf.size'
' '
'Invoking: Xilinx ELF Check'
elfcheck hello_world.elf -hw ../../basic_system_hw_platform/system.xml -pe microblaze_0  |tee "hello_world.elf.elfcheck"
elfcheck
Xilinx EDK 14.6 Build EDK_P.68d
Copyright (c) 1995-2012 Xilinx, Inc.  All rights reserved.

Command Line: elfcheck -hw ../../basic_system_hw_platform/system.xml -pe
microblaze_0 hello_world.elf 

ELF file	: hello_world.elf
elfcheck passed.
'Finished building: hello_world.elf.elfcheck'
' '
11:13:34 **** Incremental Build of configuration Debug for project hello_world ****
make all 
make: Ništa za napraviti za `all'.
11:13:37 **** Incremental Build of configuration Debug for project hello_world ****
make all 
make: Ništa za napraviti za `all'.
11:13:44 **** Auto Build of configuration Debug for project hello_world ****
make all 
'Building file: ../src/vga_periph_mem.c'
'Invoking: MicroBlaze gcc compiler'
mb-gcc -Wall -O0 -g3 -c -fmessage-length=0 -I../../hello_world_bsp/microblaze_0/include -mlittle-endian -mxl-barrel-shift -mxl-pattern-compare -mcpu=v8.50.b -mno-xl-soft-mul -Wl,--no-relax -ffunction-sections -fdata-sections -MMD -MP -MF"src/vga_periph_mem.d" -MT"src/vga_periph_mem.d" -o "src/vga_periph_mem.o" "../src/vga_periph_mem.c"
'Finished building: ../src/vga_periph_mem.c'
' '
'Building target: hello_world.elf'
'Invoking: MicroBlaze gcc linker'
mb-gcc -Wl,-T -Wl,../src/lscript.ld -L../../hello_world_bsp/microblaze_0/lib -mlittle-endian -mxl-barrel-shift -mxl-pattern-compare -mcpu=v8.50.b -mno-xl-soft-mul -Wl,--no-relax -Wl,--gc-sections -o "hello_world.elf"  ./src/helloworld.o ./src/platform.o ./src/vga_periph_mem.o   -Wl,--start-group,-lxil,-lgcc,-lc,--end-group
'Finished building target: hello_world.elf'
' '
'Invoking: MicroBlaze Print Size'
mb-size hello_world.elf  |tee "hello_world.elf.size"
   text	   data	    bss	    dec	    hex	filename
   3386	    268	   2098	   5752	   1678	hello_world.elf
'Finished building: hello_world.elf.size'
' '
'Invoking: Xilinx ELF Check'
elfcheck hello_world.elf -hw ../../basic_system_hw_platform/system.xml -pe microblaze_0  |tee "hello_world.elf.elfcheck"
elfcheck
Xilinx EDK 14.6 Build EDK_P.68d
Copyright (c) 1995-2012 Xilinx, Inc.  All rights reserved.

Command Line: elfcheck -hw ../../basic_system_hw_platform/system.xml -pe
microblaze_0 hello_world.elf 

ELF file	: hello_world.elf
elfcheck passed.
'Finished building: hello_world.elf.elfcheck'
' '
11:13:47 **** Incremental Build of configuration Debug for project hello_world ****
make all 
make: Ništa za napraviti za `all'.
11:13:51 **** Incremental Build of configuration Debug for project hello_world ****
make all 
make: Ništa za napraviti za `all'.
11:13:57 **** Auto Build of configuration Debug for project hello_world ****
make all 
'Building file: ../src/vga_periph_mem.c'
'Invoking: MicroBlaze gcc compiler'
mb-gcc -Wall -O0 -g3 -c -fmessage-length=0 -I../../hello_world_bsp/microblaze_0/include -mlittle-endian -mxl-barrel-shift -mxl-pattern-compare -mcpu=v8.50.b -mno-xl-soft-mul -Wl,--no-relax -ffunction-sections -fdata-sections -MMD -MP -MF"src/vga_periph_mem.d" -MT"src/vga_periph_mem.d" -o "src/vga_periph_mem.o" "../src/vga_periph_mem.c"
'Finished building: ../src/vga_periph_mem.c'
' '
'Building target: hello_world.elf'
'Invoking: MicroBlaze gcc linker'
mb-gcc -Wl,-T -Wl,../src/lscript.ld -L../../hello_world_bsp/microblaze_0/lib -mlittle-endian -mxl-barrel-shift -mxl-pattern-compare -mcpu=v8.50.b -mno-xl-soft-mul -Wl,--no-relax -Wl,--gc-sections -o "hello_world.elf"  ./src/helloworld.o ./src/platform.o ./src/vga_periph_mem.o   -Wl,--start-group,-lxil,-lgcc,-lc,--end-group
'Finished building target: hello_world.elf'
' '
'Invoking: MicroBlaze Print Size'
mb-size hello_world.elf  |tee "hello_world.elf.size"
   text	   data	    bss	    dec	    hex	filename
   3386	    268	   2098	   5752	   1678	hello_world.elf
'Finished building: hello_world.elf.size'
' '
'Invoking: Xilinx ELF Check'
elfcheck hello_world.elf -hw ../../basic_system_hw_platform/system.xml -pe microblaze_0  |tee "hello_world.elf.elfcheck"
elfcheck
Xilinx EDK 14.6 Build EDK_P.68d
Copyright (c) 1995-2012 Xilinx, Inc.  All rights reserved.

Command Line: elfcheck -hw ../../basic_system_hw_platform/system.xml -pe
microblaze_0 hello_world.elf 

ELF file	: hello_world.elf
elfcheck passed.
'Finished building: hello_world.elf.elfcheck'
' '
11:13:59 **** Auto Build of configuration Debug for project hello_world ****
make all 
'Building file: ../src/vga_periph_mem.c'
'Invoking: MicroBlaze gcc compiler'
mb-gcc -Wall -O0 -g3 -c -fmessage-length=0 -I../../hello_world_bsp/microblaze_0/include -mlittle-endian -mxl-barrel-shift -mxl-pattern-compare -mcpu=v8.50.b -mno-xl-soft-mul -Wl,--no-relax -ffunction-sections -fdata-sections -MMD -MP -MF"src/vga_periph_mem.d" -MT"src/vga_periph_mem.d" -o "src/vga_periph_mem.o" "../src/vga_periph_mem.c"
'Finished building: ../src/vga_periph_mem.c'
' '
'Building target: hello_world.elf'
'Invoking: MicroBlaze gcc linker'
mb-gcc -Wl,-T -Wl,../src/lscript.ld -L../../hello_world_bsp/microblaze_0/lib -mlittle-endian -mxl-barrel-shift -mxl-pattern-compare -mcpu=v8.50.b -mno-xl-soft-mul -Wl,--no-relax -Wl,--gc-sections -o "hello_world.elf"  ./src/helloworld.o ./src/platform.o ./src/vga_periph_mem.o   -Wl,--start-group,-lxil,-lgcc,-lc,--end-group
'Finished building target: hello_world.elf'
' '
'Invoking: MicroBlaze Print Size'
mb-size hello_world.elf  |tee "hello_world.elf.size"
   text	   data	    bss	    dec	    hex	filename
   3386	    268	   2098	   5752	   1678	hello_world.elf
'Finished building: hello_world.elf.size'
' '
11:14:00 **** Incremental Build of configuration Debug for project hello_world ****
make all 
make: Ništa za napraviti za `all'.
11:14:10 **** Auto Build of configuration Debug for project hello_world ****
make all 
'Building file: ../src/vga_periph_mem.c'
'Invoking: MicroBlaze gcc compiler'
mb-gcc -Wall -O0 -g3 -c -fmessage-length=0 -I../../hello_world_bsp/microblaze_0/include -mlittle-endian -mxl-barrel-shift -mxl-pattern-compare -mcpu=v8.50.b -mno-xl-soft-mul -Wl,--no-relax -ffunction-sections -fdata-sections -MMD -MP -MF"src/vga_periph_mem.d" -MT"src/vga_periph_mem.d" -o "src/vga_periph_mem.o" "../src/vga_periph_mem.c"
'Finished building: ../src/vga_periph_mem.c'
' '
'Building target: hello_world.elf'
'Invoking: MicroBlaze gcc linker'
mb-gcc -Wl,-T -Wl,../src/lscript.ld -L../../hello_world_bsp/microblaze_0/lib -mlittle-endian -mxl-barrel-shift -mxl-pattern-compare -mcpu=v8.50.b -mno-xl-soft-mul -Wl,--no-relax -Wl,--gc-sections -o "hello_world.elf"  ./src/helloworld.o ./src/platform.o ./src/vga_periph_mem.o   -Wl,--start-group,-lxil,-lgcc,-lc,--end-group
'Finished building target: hello_world.elf'
' '
'Invoking: MicroBlaze Print Size'
mb-size hello_world.elf  |tee "hello_world.elf.size"
   text	   data	    bss	    dec	    hex	filename
   3386	    268	   2098	   5752	   1678	hello_world.elf
'Finished building: hello_world.elf.size'
' '
'Invoking: Xilinx ELF Check'
elfcheck hello_world.elf -hw ../../basic_system_hw_platform/system.xml -pe microblaze_0  |tee "hello_world.elf.elfcheck"
elfcheck
Xilinx EDK 14.6 Build EDK_P.68d
Copyright (c) 1995-2012 Xilinx, Inc.  All rights reserved.

Command Line: elfcheck -hw ../../basic_system_hw_platform/system.xml -pe
microblaze_0 hello_world.elf 

ELF file	: hello_world.elf
elfcheck passed.
'Finished building: hello_world.elf.elfcheck'
' '
11:14:11 **** Incremental Build of configuration Debug for project hello_world ****
make all 
make: Ništa za napraviti za `all'.
11:14:21 **** Auto Build of configuration Debug for project hello_world ****
make all 
'Building file: ../src/vga_periph_mem.c'
'Invoking: MicroBlaze gcc compiler'
mb-gcc -Wall -O0 -g3 -c -fmessage-length=0 -I../../hello_world_bsp/microblaze_0/include -mlittle-endian -mxl-barrel-shift -mxl-pattern-compare -mcpu=v8.50.b -mno-xl-soft-mul -Wl,--no-relax -ffunction-sections -fdata-sections -MMD -MP -MF"src/vga_periph_mem.d" -MT"src/vga_periph_mem.d" -o "src/vga_periph_mem.o" "../src/vga_periph_mem.c"
'Finished building: ../src/vga_periph_mem.c'
' '
'Building target: hello_world.elf'
'Invoking: MicroBlaze gcc linker'
mb-gcc -Wl,-T -Wl,../src/lscript.ld -L../../hello_world_bsp/microblaze_0/lib -mlittle-endian -mxl-barrel-shift -mxl-pattern-compare -mcpu=v8.50.b -mno-xl-soft-mul -Wl,--no-relax -Wl,--gc-sections -o "hello_world.elf"  ./src/helloworld.o ./src/platform.o ./src/vga_periph_mem.o   -Wl,--start-group,-lxil,-lgcc,-lc,--end-group
'Finished building target: hello_world.elf'
' '
'Invoking: MicroBlaze Print Size'
mb-size hello_world.elf  |tee "hello_world.elf.size"
   text	   data	    bss	    dec	    hex	filename
   3386	    268	   2098	   5752	   1678	hello_world.elf
'Finished building: hello_world.elf.size'
' '
'Invoking: Xilinx ELF Check'
elfcheck hello_world.elf -hw ../../basic_system_hw_platform/system.xml -pe microblaze_0  |tee "hello_world.elf.elfcheck"
elfcheck
Xilinx EDK 14.6 Build EDK_P.68d
Copyright (c) 1995-2012 Xilinx, Inc.  All rights reserved.

Command Line: elfcheck -hw ../../basic_system_hw_platform/system.xml -pe
microblaze_0 hello_world.elf 

ELF file	: hello_world.elf
elfcheck passed.
'Finished building: hello_world.elf.elfcheck'
' '
11:14:22 **** Auto Build of configuration Debug for project hello_world ****
make all 
'Building file: ../src/vga_periph_mem.c'
'Invoking: MicroBlaze gcc compiler'
mb-gcc -Wall -O0 -g3 -c -fmessage-length=0 -I../../hello_world_bsp/microblaze_0/include -mlittle-endian -mxl-barrel-shift -mxl-pattern-compare -mcpu=v8.50.b -mno-xl-soft-mul -Wl,--no-relax -ffunction-sections -fdata-sections -MMD -MP -MF"src/vga_periph_mem.d" -MT"src/vga_periph_mem.d" -o "src/vga_periph_mem.o" "../src/vga_periph_mem.c"
'Finished building: ../src/vga_periph_mem.c'
' '
'Building target: hello_world.elf'
'Invoking: MicroBlaze gcc linker'
mb-gcc -Wl,-T -Wl,../src/lscript.ld -L../../hello_world_bsp/microblaze_0/lib -mlittle-endian -mxl-barrel-shift -mxl-pattern-compare -mcpu=v8.50.b -mno-xl-soft-mul -Wl,--no-relax -Wl,--gc-sections -o "hello_world.elf"  ./src/helloworld.o ./src/platform.o ./src/vga_periph_mem.o   -Wl,--start-group,-lxil,-lgcc,-lc,--end-group
'Finished building target: hello_world.elf'
' '
'Invoking: MicroBlaze Print Size'
mb-size hello_world.elf  |tee "hello_world.elf.size"
   text	   data	    bss	    dec	    hex	filename
   3386	    268	   2098	   5752	   1678	hello_world.elf
'Finished building: hello_world.elf.size'
' '
'Invoking: Xilinx ELF Check'
elfcheck hello_world.elf -hw ../../basic_system_hw_platform/system.xml -pe microblaze_0  |tee "hello_world.elf.elfcheck"
elfcheck
Xilinx EDK 14.6 Build EDK_P.68d
Copyright (c) 1995-2012 Xilinx, Inc.  All rights reserved.

Command Line: elfcheck -hw ../../basic_system_hw_platform/system.xml -pe
microblaze_0 hello_world.elf 

ELF file	: hello_world.elf
elfcheck passed.
'Finished building: hello_world.elf.elfcheck'
' '
11:14:24 **** Incremental Build of configuration Debug for project hello_world ****
make all 
make: Ništa za napraviti za `all'.
11:14:46 **** Auto Build of configuration Debug for project hello_world ****
make all 
'Building file: ../src/vga_periph_mem.c'
'Invoking: MicroBlaze gcc compiler'
mb-gcc -Wall -O0 -g3 -c -fmessage-length=0 -I../../hello_world_bsp/microblaze_0/include -mlittle-endian -mxl-barrel-shift -mxl-pattern-compare -mcpu=v8.50.b -mno-xl-soft-mul -Wl,--no-relax -ffunction-sections -fdata-sections -MMD -MP -MF"src/vga_periph_mem.d" -MT"src/vga_periph_mem.d" -o "src/vga_periph_mem.o" "../src/vga_periph_mem.c"
'Finished building: ../src/vga_periph_mem.c'
' '
'Building target: hello_world.elf'
'Invoking: MicroBlaze gcc linker'
mb-gcc -Wl,-T -Wl,../src/lscript.ld -L../../hello_world_bsp/microblaze_0/lib -mlittle-endian -mxl-barrel-shift -mxl-pattern-compare -mcpu=v8.50.b -mno-xl-soft-mul -Wl,--no-relax -Wl,--gc-sections -o "hello_world.elf"  ./src/helloworld.o ./src/platform.o ./src/vga_periph_mem.o   -Wl,--start-group,-lxil,-lgcc,-lc,--end-group
'Finished building target: hello_world.elf'
' '
'Invoking: MicroBlaze Print Size'
mb-size hello_world.elf  |tee "hello_world.elf.size"
   text	   data	    bss	    dec	    hex	filename
   3386	    268	   2098	   5752	   1678	hello_world.elf
'Finished building: hello_world.elf.size'
' '
'Invoking: Xilinx ELF Check'
elfcheck hello_world.elf -hw ../../basic_system_hw_platform/system.xml -pe microblaze_0  |tee "hello_world.elf.elfcheck"
elfcheck
Xilinx EDK 14.6 Build EDK_P.68d
Copyright (c) 1995-2012 Xilinx, Inc.  All rights reserved.

Command Line: elfcheck -hw ../../basic_system_hw_platform/system.xml -pe
microblaze_0 hello_world.elf 

ELF file	: hello_world.elf
elfcheck passed.
'Finished building: hello_world.elf.elfcheck'
' '
11:14:48 **** Incremental Build of configuration Debug for project hello_world ****
make all 
make: Ništa za napraviti za `all'.
11:14:51 **** Incremental Build of configuration Debug for project hello_world ****
make all 
make: Ništa za napraviti za `all'.
11:15:01 **** Auto Build of configuration Debug for project hello_world ****
make all 
'Building file: ../src/vga_periph_mem.c'
'Invoking: MicroBlaze gcc compiler'
mb-gcc -Wall -O0 -g3 -c -fmessage-length=0 -I../../hello_world_bsp/microblaze_0/include -mlittle-endian -mxl-barrel-shift -mxl-pattern-compare -mcpu=v8.50.b -mno-xl-soft-mul -Wl,--no-relax -ffunction-sections -fdata-sections -MMD -MP -MF"src/vga_periph_mem.d" -MT"src/vga_periph_mem.d" -o "src/vga_periph_mem.o" "../src/vga_periph_mem.c"
'Finished building: ../src/vga_periph_mem.c'
' '
'Building target: hello_world.elf'
'Invoking: MicroBlaze gcc linker'
mb-gcc -Wl,-T -Wl,../src/lscript.ld -L../../hello_world_bsp/microblaze_0/lib -mlittle-endian -mxl-barrel-shift -mxl-pattern-compare -mcpu=v8.50.b -mno-xl-soft-mul -Wl,--no-relax -Wl,--gc-sections -o "hello_world.elf"  ./src/helloworld.o ./src/platform.o ./src/vga_periph_mem.o   -Wl,--start-group,-lxil,-lgcc,-lc,--end-group
'Finished building target: hello_world.elf'
' '
'Invoking: MicroBlaze Print Size'
mb-size hello_world.elf  |tee "hello_world.elf.size"
   text	   data	    bss	    dec	    hex	filename
   3386	    268	   2098	   5752	   1678	hello_world.elf
'Finished building: hello_world.elf.size'
' '
'Invoking: Xilinx ELF Check'
elfcheck hello_world.elf -hw ../../basic_system_hw_platform/system.xml -pe microblaze_0  |tee "hello_world.elf.elfcheck"
elfcheck
Xilinx EDK 14.6 Build EDK_P.68d
Copyright (c) 1995-2012 Xilinx, Inc.  All rights reserved.

Command Line: elfcheck -hw ../../basic_system_hw_platform/system.xml -pe
microblaze_0 hello_world.elf 

ELF file	: hello_world.elf
elfcheck passed.
'Finished building: hello_world.elf.elfcheck'
' '
11:15:07 **** Incremental Build of configuration Debug for project hello_world ****
make all 
make: Ništa za napraviti za `all'.
11:15:13 **** Incremental Build of configuration Debug for project hello_world ****
make all 
make: Ništa za napraviti za `all'.
11:15:29 **** Auto Build of configuration Debug for project hello_world ****
make all 
'Building file: ../src/vga_periph_mem.c'
'Invoking: MicroBlaze gcc compiler'
mb-gcc -Wall -O0 -g3 -c -fmessage-length=0 -I../../hello_world_bsp/microblaze_0/include -mlittle-endian -mxl-barrel-shift -mxl-pattern-compare -mcpu=v8.50.b -mno-xl-soft-mul -Wl,--no-relax -ffunction-sections -fdata-sections -MMD -MP -MF"src/vga_periph_mem.d" -MT"src/vga_periph_mem.d" -o "src/vga_periph_mem.o" "../src/vga_periph_mem.c"
'Finished building: ../src/vga_periph_mem.c'
' '
'Building target: hello_world.elf'
'Invoking: MicroBlaze gcc linker'
mb-gcc -Wl,-T -Wl,../src/lscript.ld -L../../hello_world_bsp/microblaze_0/lib -mlittle-endian -mxl-barrel-shift -mxl-pattern-compare -mcpu=v8.50.b -mno-xl-soft-mul -Wl,--no-relax -Wl,--gc-sections -o "hello_world.elf"  ./src/helloworld.o ./src/platform.o ./src/vga_periph_mem.o   -Wl,--start-group,-lxil,-lgcc,-lc,--end-group
'Finished building target: hello_world.elf'
' '
'Invoking: MicroBlaze Print Size'
mb-size hello_world.elf  |tee "hello_world.elf.size"
   text	   data	    bss	    dec	    hex	filename
   3386	    268	   2098	   5752	   1678	hello_world.elf
'Finished building: hello_world.elf.size'
' '
'Invoking: Xilinx ELF Check'
elfcheck hello_world.elf -hw ../../basic_system_hw_platform/system.xml -pe microblaze_0  |tee "hello_world.elf.elfcheck"
elfcheck
Xilinx EDK 14.6 Build EDK_P.68d
Copyright (c) 1995-2012 Xilinx, Inc.  All rights reserved.

Command Line: elfcheck -hw ../../basic_system_hw_platform/system.xml -pe
microblaze_0 hello_world.elf 

ELF file	: hello_world.elf
elfcheck passed.
'Finished building: hello_world.elf.elfcheck'
' '
11:15:30 **** Auto Build of configuration Debug for project hello_world ****
make all 
'Building file: ../src/vga_periph_mem.c'
'Invoking: MicroBlaze gcc compiler'
mb-gcc -Wall -O0 -g3 -c -fmessage-length=0 -I../../hello_world_bsp/microblaze_0/include -mlittle-endian -mxl-barrel-shift -mxl-pattern-compare -mcpu=v8.50.b -mno-xl-soft-mul -Wl,--no-relax -ffunction-sections -fdata-sections -MMD -MP -MF"src/vga_periph_mem.d" -MT"src/vga_periph_mem.d" -o "src/vga_periph_mem.o" "../src/vga_periph_mem.c"
'Finished building: ../src/vga_periph_mem.c'
' '
'Building target: hello_world.elf'
'Invoking: MicroBlaze gcc linker'
mb-gcc -Wl,-T -Wl,../src/lscript.ld -L../../hello_world_bsp/microblaze_0/lib -mlittle-endian -mxl-barrel-shift -mxl-pattern-compare -mcpu=v8.50.b -mno-xl-soft-mul -Wl,--no-relax -Wl,--gc-sections -o "hello_world.elf"  ./src/helloworld.o ./src/platform.o ./src/vga_periph_mem.o   -Wl,--start-group,-lxil,-lgcc,-lc,--end-group
'Finished building target: hello_world.elf'
' '
'Invoking: MicroBlaze Print Size'
mb-size hello_world.elf  |tee "hello_world.elf.size"
   text	   data	    bss	    dec	    hex	filename
   3386	    268	   2098	   5752	   1678	hello_world.elf
'Finished building: hello_world.elf.size'
' '
'Invoking: Xilinx ELF Check'
elfcheck hello_world.elf -hw ../../basic_system_hw_platform/system.xml -pe microblaze_0  |tee "hello_world.elf.elfcheck"
elfcheck
Xilinx EDK 14.6 Build EDK_P.68d
Copyright (c) 1995-2012 Xilinx, Inc.  All rights reserved.

Command Line: elfcheck -hw ../../basic_system_hw_platform/system.xml -pe
microblaze_0 hello_world.elf 

ELF file	: hello_world.elf
elfcheck passed.
'Finished building: hello_world.elf.elfcheck'
' '
11:15:32 **** Incremental Build of configuration Debug for project hello_world ****
make all 
make: Ništa za napraviti za `all'.
11:16:31 **** Auto Build of configuration Debug for project hello_world ****
make all 
'Building file: ../src/vga_periph_mem.c'
'Invoking: MicroBlaze gcc compiler'
mb-gcc -Wall -O0 -g3 -c -fmessage-length=0 -I../../hello_world_bsp/microblaze_0/include -mlittle-endian -mxl-barrel-shift -mxl-pattern-compare -mcpu=v8.50.b -mno-xl-soft-mul -Wl,--no-relax -ffunction-sections -fdata-sections -MMD -MP -MF"src/vga_periph_mem.d" -MT"src/vga_periph_mem.d" -o "src/vga_periph_mem.o" "../src/vga_periph_mem.c"
'Finished building: ../src/vga_periph_mem.c'
' '
'Building target: hello_world.elf'
'Invoking: MicroBlaze gcc linker'
mb-gcc -Wl,-T -Wl,../src/lscript.ld -L../../hello_world_bsp/microblaze_0/lib -mlittle-endian -mxl-barrel-shift -mxl-pattern-compare -mcpu=v8.50.b -mno-xl-soft-mul -Wl,--no-relax -Wl,--gc-sections -o "hello_world.elf"  ./src/helloworld.o ./src/platform.o ./src/vga_periph_mem.o   -Wl,--start-group,-lxil,-lgcc,-lc,--end-group
'Finished building target: hello_world.elf'
' '
'Invoking: MicroBlaze Print Size'
mb-size hello_world.elf  |tee "hello_world.elf.size"
   text	   data	    bss	    dec	    hex	filename
   3386	    268	   2098	   5752	   1678	hello_world.elf
'Finished building: hello_world.elf.size'
' '
'Invoking: Xilinx ELF Check'
elfcheck hello_world.elf -hw ../../basic_system_hw_platform/system.xml -pe microblaze_0  |tee "hello_world.elf.elfcheck"
elfcheck
Xilinx EDK 14.6 Build EDK_P.68d
Copyright (c) 1995-2012 Xilinx, Inc.  All rights reserved.

Command Line: elfcheck -hw ../../basic_system_hw_platform/system.xml -pe
microblaze_0 hello_world.elf 

ELF file	: hello_world.elf
elfcheck passed.
'Finished building: hello_world.elf.elfcheck'
' '
11:16:32 **** Incremental Build of configuration Debug for project hello_world ****
make all 
make: Ništa za napraviti za `all'.
11:16:43 **** Auto Build of configuration Debug for project hello_world ****
make all 
'Building file: ../src/vga_periph_mem.c'
'Invoking: MicroBlaze gcc compiler'
mb-gcc -Wall -O0 -g3 -c -fmessage-length=0 -I../../hello_world_bsp/microblaze_0/include -mlittle-endian -mxl-barrel-shift -mxl-pattern-compare -mcpu=v8.50.b -mno-xl-soft-mul -Wl,--no-relax -ffunction-sections -fdata-sections -MMD -MP -MF"src/vga_periph_mem.d" -MT"src/vga_periph_mem.d" -o "src/vga_periph_mem.o" "../src/vga_periph_mem.c"
'Finished building: ../src/vga_periph_mem.c'
' '
'Building target: hello_world.elf'
'Invoking: MicroBlaze gcc linker'
mb-gcc -Wl,-T -Wl,../src/lscript.ld -L../../hello_world_bsp/microblaze_0/lib -mlittle-endian -mxl-barrel-shift -mxl-pattern-compare -mcpu=v8.50.b -mno-xl-soft-mul -Wl,--no-relax -Wl,--gc-sections -o "hello_world.elf"  ./src/helloworld.o ./src/platform.o ./src/vga_periph_mem.o   -Wl,--start-group,-lxil,-lgcc,-lc,--end-group
'Finished building target: hello_world.elf'
' '
'Invoking: MicroBlaze Print Size'
mb-size hello_world.elf  |tee "hello_world.elf.size"
   text	   data	    bss	    dec	    hex	filename
   3386	    268	   2098	   5752	   1678	hello_world.elf
'Finished building: hello_world.elf.size'
' '
'Invoking: Xilinx ELF Check'
elfcheck hello_world.elf -hw ../../basic_system_hw_platform/system.xml -pe microblaze_0  |tee "hello_world.elf.elfcheck"
elfcheck
Xilinx EDK 14.6 Build EDK_P.68d
Copyright (c) 1995-2012 Xilinx, Inc.  All rights reserved.

Command Line: elfcheck -hw ../../basic_system_hw_platform/system.xml -pe
microblaze_0 hello_world.elf 

ELF file	: hello_world.elf
elfcheck passed.
'Finished building: hello_world.elf.elfcheck'
' '
11:16:45 **** Incremental Build of configuration Debug for project hello_world ****
make all 
make: Ništa za napraviti za `all'.
11:21:13 **** Auto Build of configuration Debug for project hello_world ****
make all 
'Building file: ../src/vga_periph_mem.c'
'Invoking: MicroBlaze gcc compiler'
mb-gcc -Wall -O0 -g3 -c -fmessage-length=0 -I../../hello_world_bsp/microblaze_0/include -mlittle-endian -mxl-barrel-shift -mxl-pattern-compare -mcpu=v8.50.b -mno-xl-soft-mul -Wl,--no-relax -ffunction-sections -fdata-sections -MMD -MP -MF"src/vga_periph_mem.d" -MT"src/vga_periph_mem.d" -o "src/vga_periph_mem.o" "../src/vga_periph_mem.c"
'Finished building: ../src/vga_periph_mem.c'
' '
'Building target: hello_world.elf'
'Invoking: MicroBlaze gcc linker'
mb-gcc -Wl,-T -Wl,../src/lscript.ld -L../../hello_world_bsp/microblaze_0/lib -mlittle-endian -mxl-barrel-shift -mxl-pattern-compare -mcpu=v8.50.b -mno-xl-soft-mul -Wl,--no-relax -Wl,--gc-sections -o "hello_world.elf"  ./src/helloworld.o ./src/platform.o ./src/vga_periph_mem.o   -Wl,--start-group,-lxil,-lgcc,-lc,--end-group
'Finished building target: hello_world.elf'
' '
'Invoking: MicroBlaze Print Size'
mb-size hello_world.elf  |tee "hello_world.elf.size"
   text	   data	    bss	    dec	    hex	filename
   3386	    268	   2098	   5752	   1678	hello_world.elf
'Finished building: hello_world.elf.size'
' '
'Invoking: Xilinx ELF Check'
elfcheck hello_world.elf -hw ../../basic_system_hw_platform/system.xml -pe microblaze_0  |tee "hello_world.elf.elfcheck"
elfcheck
Xilinx EDK 14.6 Build EDK_P.68d
Copyright (c) 1995-2012 Xilinx, Inc.  All rights reserved.

Command Line: elfcheck -hw ../../basic_system_hw_platform/system.xml -pe
microblaze_0 hello_world.elf 

ELF file	: hello_world.elf
elfcheck passed.
'Finished building: hello_world.elf.elfcheck'
' '
11:21:14 **** Incremental Build of configuration Debug for project hello_world ****
make all 
make: Ništa za napraviti za `all'.
11:22:16 **** Auto Build of configuration Debug for project hello_world ****
make all 
'Building file: ../src/vga_periph_mem.c'
'Invoking: MicroBlaze gcc compiler'
mb-gcc -Wall -O0 -g3 -c -fmessage-length=0 -I../../hello_world_bsp/microblaze_0/include -mlittle-endian -mxl-barrel-shift -mxl-pattern-compare -mcpu=v8.50.b -mno-xl-soft-mul -Wl,--no-relax -ffunction-sections -fdata-sections -MMD -MP -MF"src/vga_periph_mem.d" -MT"src/vga_periph_mem.d" -o "src/vga_periph_mem.o" "../src/vga_periph_mem.c"
'Finished building: ../src/vga_periph_mem.c'
' '
'Building target: hello_world.elf'
'Invoking: MicroBlaze gcc linker'
mb-gcc -Wl,-T -Wl,../src/lscript.ld -L../../hello_world_bsp/microblaze_0/lib -mlittle-endian -mxl-barrel-shift -mxl-pattern-compare -mcpu=v8.50.b -mno-xl-soft-mul -Wl,--no-relax -Wl,--gc-sections -o "hello_world.elf"  ./src/helloworld.o ./src/platform.o ./src/vga_periph_mem.o   -Wl,--start-group,-lxil,-lgcc,-lc,--end-group
'Finished building target: hello_world.elf'
' '
'Invoking: MicroBlaze Print Size'
mb-size hello_world.elf  |tee "hello_world.elf.size"
   text	   data	    bss	    dec	    hex	filename
   3354	    268	   2098	   5720	   1658	hello_world.elf
'Finished building: hello_world.elf.size'
' '
'Invoking: Xilinx ELF Check'
elfcheck hello_world.elf -hw ../../basic_system_hw_platform/system.xml -pe microblaze_0  |tee "hello_world.elf.elfcheck"
elfcheck
Xilinx EDK 14.6 Build EDK_P.68d
Copyright (c) 1995-2012 Xilinx, Inc.  All rights reserved.

Command Line: elfcheck -hw ../../basic_system_hw_platform/system.xml -pe
microblaze_0 hello_world.elf 

ELF file	: hello_world.elf
elfcheck passed.
'Finished building: hello_world.elf.elfcheck'
' '
11:23:09 **** Auto Build of configuration Debug for project hello_world ****
make all 
'Building file: ../src/vga_periph_mem.c'
'Invoking: MicroBlaze gcc compiler'
mb-gcc -Wall -O0 -g3 -c -fmessage-length=0 -I../../hello_world_bsp/microblaze_0/include -mlittle-endian -mxl-barrel-shift -mxl-pattern-compare -mcpu=v8.50.b -mno-xl-soft-mul -Wl,--no-relax -ffunction-sections -fdata-sections -MMD -MP -MF"src/vga_periph_mem.d" -MT"src/vga_periph_mem.d" -o "src/vga_periph_mem.o" "../src/vga_periph_mem.c"
'Finished building: ../src/vga_periph_mem.c'
' '
'Building target: hello_world.elf'
'Invoking: MicroBlaze gcc linker'
mb-gcc -Wl,-T -Wl,../src/lscript.ld -L../../hello_world_bsp/microblaze_0/lib -mlittle-endian -mxl-barrel-shift -mxl-pattern-compare -mcpu=v8.50.b -mno-xl-soft-mul -Wl,--no-relax -Wl,--gc-sections -o "hello_world.elf"  ./src/helloworld.o ./src/platform.o ./src/vga_periph_mem.o   -Wl,--start-group,-lxil,-lgcc,-lc,--end-group
'Finished building target: hello_world.elf'
' '
'Invoking: MicroBlaze Print Size'
mb-size hello_world.elf  |tee "hello_world.elf.size"
   text	   data	    bss	    dec	    hex	filename
   3462	    268	   2088	   5818	   16ba	hello_world.elf
'Finished building: hello_world.elf.size'
' '
'Invoking: Xilinx ELF Check'
elfcheck hello_world.elf -hw ../../basic_system_hw_platform/system.xml -pe microblaze_0  |tee "hello_world.elf.elfcheck"
elfcheck
Xilinx EDK 14.6 Build EDK_P.68d
Copyright (c) 1995-2012 Xilinx, Inc.  All rights reserved.

Command Line: elfcheck -hw ../../basic_system_hw_platform/system.xml -pe
microblaze_0 hello_world.elf 

ELF file	: hello_world.elf
elfcheck passed.
'Finished building: hello_world.elf.elfcheck'
' '
11:23:17 **** Auto Build of configuration Debug for project hello_world ****
make all 
'Building file: ../src/vga_periph_mem.c'
'Invoking: MicroBlaze gcc compiler'
mb-gcc -Wall -O0 -g3 -c -fmessage-length=0 -I../../hello_world_bsp/microblaze_0/include -mlittle-endian -mxl-barrel-shift -mxl-pattern-compare -mcpu=v8.50.b -mno-xl-soft-mul -Wl,--no-relax -ffunction-sections -fdata-sections -MMD -MP -MF"src/vga_periph_mem.d" -MT"src/vga_periph_mem.d" -o "src/vga_periph_mem.o" "../src/vga_periph_mem.c"
'Finished building: ../src/vga_periph_mem.c'
' '
'Building target: hello_world.elf'
'Invoking: MicroBlaze gcc linker'
mb-gcc -Wl,-T -Wl,../src/lscript.ld -L../../hello_world_bsp/microblaze_0/lib -mlittle-endian -mxl-barrel-shift -mxl-pattern-compare -mcpu=v8.50.b -mno-xl-soft-mul -Wl,--no-relax -Wl,--gc-sections -o "hello_world.elf"  ./src/helloworld.o ./src/platform.o ./src/vga_periph_mem.o   -Wl,--start-group,-lxil,-lgcc,-lc,--end-group
'Finished building target: hello_world.elf'
' '
'Invoking: MicroBlaze Print Size'
mb-size hello_world.elf  |tee "hello_world.elf.size"
   text	   data	    bss	    dec	    hex	filename
   3462	    268	   2088	   5818	   16ba	hello_world.elf
'Finished building: hello_world.elf.size'
' '
'Invoking: Xilinx ELF Check'
elfcheck hello_world.elf -hw ../../basic_system_hw_platform/system.xml -pe microblaze_0  |tee "hello_world.elf.elfcheck"
elfcheck
Xilinx EDK 14.6 Build EDK_P.68d
Copyright (c) 1995-2012 Xilinx, Inc.  All rights reserved.

Command Line: elfcheck -hw ../../basic_system_hw_platform/system.xml -pe
microblaze_0 hello_world.elf 

ELF file	: hello_world.elf
elfcheck passed.
'Finished building: hello_world.elf.elfcheck'
' '
11:23:24 **** Auto Build of configuration Debug for project hello_world ****
make all 
'Building file: ../src/vga_periph_mem.c'
'Invoking: MicroBlaze gcc compiler'
mb-gcc -Wall -O0 -g3 -c -fmessage-length=0 -I../../hello_world_bsp/microblaze_0/include -mlittle-endian -mxl-barrel-shift -mxl-pattern-compare -mcpu=v8.50.b -mno-xl-soft-mul -Wl,--no-relax -ffunction-sections -fdata-sections -MMD -MP -MF"src/vga_periph_mem.d" -MT"src/vga_periph_mem.d" -o "src/vga_periph_mem.o" "../src/vga_periph_mem.c"
'Finished building: ../src/vga_periph_mem.c'
' '
'Building target: hello_world.elf'
'Invoking: MicroBlaze gcc linker'
mb-gcc -Wl,-T -Wl,../src/lscript.ld -L../../hello_world_bsp/microblaze_0/lib -mlittle-endian -mxl-barrel-shift -mxl-pattern-compare -mcpu=v8.50.b -mno-xl-soft-mul -Wl,--no-relax -Wl,--gc-sections -o "hello_world.elf"  ./src/helloworld.o ./src/platform.o ./src/vga_periph_mem.o   -Wl,--start-group,-lxil,-lgcc,-lc,--end-group
'Finished building target: hello_world.elf'
' '
'Invoking: MicroBlaze Print Size'
mb-size hello_world.elf  |tee "hello_world.elf.size"
   text	   data	    bss	    dec	    hex	filename
   3462	    268	   2088	   5818	   16ba	hello_world.elf
'Finished building: hello_world.elf.size'
' '
'Invoking: Xilinx ELF Check'
elfcheck hello_world.elf -hw ../../basic_system_hw_platform/system.xml -pe microblaze_0  |tee "hello_world.elf.elfcheck"
elfcheck
Xilinx EDK 14.6 Build EDK_P.68d
Copyright (c) 1995-2012 Xilinx, Inc.  All rights reserved.

Command Line: elfcheck -hw ../../basic_system_hw_platform/system.xml -pe
microblaze_0 hello_world.elf 

ELF file	: hello_world.elf
elfcheck passed.
'Finished building: hello_world.elf.elfcheck'
' '
11:23:26 **** Incremental Build of configuration Debug for project hello_world ****
make all 
make: Ništa za napraviti za `all'.
11:26:26 **** Auto Build of configuration Debug for project hello_world ****
make all 
'Building file: ../src/vga_periph_mem.c'
'Invoking: MicroBlaze gcc compiler'
mb-gcc -Wall -O0 -g3 -c -fmessage-length=0 -I../../hello_world_bsp/microblaze_0/include -mlittle-endian -mxl-barrel-shift -mxl-pattern-compare -mcpu=v8.50.b -mno-xl-soft-mul -Wl,--no-relax -ffunction-sections -fdata-sections -MMD -MP -MF"src/vga_periph_mem.d" -MT"src/vga_periph_mem.d" -o "src/vga_periph_mem.o" "../src/vga_periph_mem.c"
'Finished building: ../src/vga_periph_mem.c'
' '
'Building target: hello_world.elf'
'Invoking: MicroBlaze gcc linker'
mb-gcc -Wl,-T -Wl,../src/lscript.ld -L../../hello_world_bsp/microblaze_0/lib -mlittle-endian -mxl-barrel-shift -mxl-pattern-compare -mcpu=v8.50.b -mno-xl-soft-mul -Wl,--no-relax -Wl,--gc-sections -o "hello_world.elf"  ./src/helloworld.o ./src/platform.o ./src/vga_periph_mem.o   -Wl,--start-group,-lxil,-lgcc,-lc,--end-group
'Finished building target: hello_world.elf'
' '
'Invoking: MicroBlaze Print Size'
mb-size hello_world.elf  |tee "hello_world.elf.size"
   text	   data	    bss	    dec	    hex	filename
   3454	    268	   2088	   5810	   16b2	hello_world.elf
'Finished building: hello_world.elf.size'
' '
'Invoking: Xilinx ELF Check'
elfcheck hello_world.elf -hw ../../basic_system_hw_platform/system.xml -pe microblaze_0  |tee "hello_world.elf.elfcheck"
elfcheck
Xilinx EDK 14.6 Build EDK_P.68d
Copyright (c) 1995-2012 Xilinx, Inc.  All rights reserved.

Command Line: elfcheck -hw ../../basic_system_hw_platform/system.xml -pe
microblaze_0 hello_world.elf 

ELF file	: hello_world.elf
elfcheck passed.
'Finished building: hello_world.elf.elfcheck'
' '
11:26:27 **** Incremental Build of configuration Debug for project hello_world ****
make all 
make: Ništa za napraviti za `all'.
11:26:40 **** Auto Build of configuration Debug for project hello_world ****
make all 
'Building file: ../src/vga_periph_mem.c'
'Invoking: MicroBlaze gcc compiler'
mb-gcc -Wall -O0 -g3 -c -fmessage-length=0 -I../../hello_world_bsp/microblaze_0/include -mlittle-endian -mxl-barrel-shift -mxl-pattern-compare -mcpu=v8.50.b -mno-xl-soft-mul -Wl,--no-relax -ffunction-sections -fdata-sections -MMD -MP -MF"src/vga_periph_mem.d" -MT"src/vga_periph_mem.d" -o "src/vga_periph_mem.o" "../src/vga_periph_mem.c"
'Finished building: ../src/vga_periph_mem.c'
' '
'Building target: hello_world.elf'
'Invoking: MicroBlaze gcc linker'
mb-gcc -Wl,-T -Wl,../src/lscript.ld -L../../hello_world_bsp/microblaze_0/lib -mlittle-endian -mxl-barrel-shift -mxl-pattern-compare -mcpu=v8.50.b -mno-xl-soft-mul -Wl,--no-relax -Wl,--gc-sections -o "hello_world.elf"  ./src/helloworld.o ./src/platform.o ./src/vga_periph_mem.o   -Wl,--start-group,-lxil,-lgcc,-lc,--end-group
'Finished building target: hello_world.elf'
' '
'Invoking: MicroBlaze Print Size'
mb-size hello_world.elf  |tee "hello_world.elf.size"
   text	   data	    bss	    dec	    hex	filename
   3458	    268	   2098	   5824	   16c0	hello_world.elf
'Finished building: hello_world.elf.size'
' '
'Invoking: Xilinx ELF Check'
elfcheck hello_world.elf -hw ../../basic_system_hw_platform/system.xml -pe microblaze_0  |tee "hello_world.elf.elfcheck"
elfcheck
Xilinx EDK 14.6 Build EDK_P.68d
Copyright (c) 1995-2012 Xilinx, Inc.  All rights reserved.

Command Line: elfcheck -hw ../../basic_system_hw_platform/system.xml -pe
microblaze_0 hello_world.elf 

ELF file	: hello_world.elf
elfcheck passed.
'Finished building: hello_world.elf.elfcheck'
' '
11:26:43 **** Auto Build of configuration Debug for project hello_world ****
make all 
'Building file: ../src/vga_periph_mem.c'
'Invoking: MicroBlaze gcc compiler'
mb-gcc -Wall -O0 -g3 -c -fmessage-length=0 -I../../hello_world_bsp/microblaze_0/include -mlittle-endian -mxl-barrel-shift -mxl-pattern-compare -mcpu=v8.50.b -mno-xl-soft-mul -Wl,--no-relax -ffunction-sections -fdata-sections -MMD -MP -MF"src/vga_periph_mem.d" -MT"src/vga_periph_mem.d" -o "src/vga_periph_mem.o" "../src/vga_periph_mem.c"
'Finished building: ../src/vga_periph_mem.c'
' '
'Building target: hello_world.elf'
'Invoking: MicroBlaze gcc linker'
mb-gcc -Wl,-T -Wl,../src/lscript.ld -L../../hello_world_bsp/microblaze_0/lib -mlittle-endian -mxl-barrel-shift -mxl-pattern-compare -mcpu=v8.50.b -mno-xl-soft-mul -Wl,--no-relax -Wl,--gc-sections -o "hello_world.elf"  ./src/helloworld.o ./src/platform.o ./src/vga_periph_mem.o   -Wl,--start-group,-lxil,-lgcc,-lc,--end-group
'Finished building target: hello_world.elf'
' '
'Invoking: MicroBlaze Print Size'
mb-size hello_world.elf  |tee "hello_world.elf.size"
   text	   data	    bss	    dec	    hex	filename
   3462	    268	   2088	   5818	   16ba	hello_world.elf
'Finished building: hello_world.elf.size'
' '
'Invoking: Xilinx ELF Check'
elfcheck hello_world.elf -hw ../../basic_system_hw_platform/system.xml -pe microblaze_0  |tee "hello_world.elf.elfcheck"
elfcheck
Xilinx EDK 14.6 Build EDK_P.68d
Copyright (c) 1995-2012 Xilinx, Inc.  All rights reserved.

Command Line: elfcheck -hw ../../basic_system_hw_platform/system.xml -pe
microblaze_0 hello_world.elf 

ELF file	: hello_world.elf
elfcheck passed.
'Finished building: hello_world.elf.elfcheck'
' '
11:27:02 **** Auto Build of configuration Debug for project hello_world ****
make all 
'Building file: ../src/vga_periph_mem.c'
'Invoking: MicroBlaze gcc compiler'
mb-gcc -Wall -O0 -g3 -c -fmessage-length=0 -I../../hello_world_bsp/microblaze_0/include -mlittle-endian -mxl-barrel-shift -mxl-pattern-compare -mcpu=v8.50.b -mno-xl-soft-mul -Wl,--no-relax -ffunction-sections -fdata-sections -MMD -MP -MF"src/vga_periph_mem.d" -MT"src/vga_periph_mem.d" -o "src/vga_periph_mem.o" "../src/vga_periph_mem.c"
'Finished building: ../src/vga_periph_mem.c'
' '
'Building target: hello_world.elf'
'Invoking: MicroBlaze gcc linker'
mb-gcc -Wl,-T -Wl,../src/lscript.ld -L../../hello_world_bsp/microblaze_0/lib -mlittle-endian -mxl-barrel-shift -mxl-pattern-compare -mcpu=v8.50.b -mno-xl-soft-mul -Wl,--no-relax -Wl,--gc-sections -o "hello_world.elf"  ./src/helloworld.o ./src/platform.o ./src/vga_periph_mem.o   -Wl,--start-group,-lxil,-lgcc,-lc,--end-group
'Finished building target: hello_world.elf'
' '
'Invoking: MicroBlaze Print Size'
mb-size hello_world.elf  |tee "hello_world.elf.size"
   text	   data	    bss	    dec	    hex	filename
   3454	    268	   2088	   5810	   16b2	hello_world.elf
'Finished building: hello_world.elf.size'
' '
'Invoking: Xilinx ELF Check'
elfcheck hello_world.elf -hw ../../basic_system_hw_platform/system.xml -pe microblaze_0  |tee "hello_world.elf.elfcheck"
elfcheck
Xilinx EDK 14.6 Build EDK_P.68d
Copyright (c) 1995-2012 Xilinx, Inc.  All rights reserved.

Command Line: elfcheck -hw ../../basic_system_hw_platform/system.xml -pe
microblaze_0 hello_world.elf 

ELF file	: hello_world.elf
elfcheck passed.
'Finished building: hello_world.elf.elfcheck'
' '
11:27:03 **** Incremental Build of configuration Debug for project hello_world ****
make all 
make: Ništa za napraviti za `all'.
11:27:15 **** Auto Build of configuration Debug for project hello_world ****
make all 
'Building file: ../src/vga_periph_mem.c'
'Invoking: MicroBlaze gcc compiler'
mb-gcc -Wall -O0 -g3 -c -fmessage-length=0 -I../../hello_world_bsp/microblaze_0/include -mlittle-endian -mxl-barrel-shift -mxl-pattern-compare -mcpu=v8.50.b -mno-xl-soft-mul -Wl,--no-relax -ffunction-sections -fdata-sections -MMD -MP -MF"src/vga_periph_mem.d" -MT"src/vga_periph_mem.d" -o "src/vga_periph_mem.o" "../src/vga_periph_mem.c"
'Finished building: ../src/vga_periph_mem.c'
' '
'Building target: hello_world.elf'
'Invoking: MicroBlaze gcc linker'
mb-gcc -Wl,-T -Wl,../src/lscript.ld -L../../hello_world_bsp/microblaze_0/lib -mlittle-endian -mxl-barrel-shift -mxl-pattern-compare -mcpu=v8.50.b -mno-xl-soft-mul -Wl,--no-relax -Wl,--gc-sections -o "hello_world.elf"  ./src/helloworld.o ./src/platform.o ./src/vga_periph_mem.o   -Wl,--start-group,-lxil,-lgcc,-lc,--end-group
'Finished building target: hello_world.elf'
' '
'Invoking: MicroBlaze Print Size'
mb-size hello_world.elf  |tee "hello_world.elf.size"
   text	   data	    bss	    dec	    hex	filename
   3462	    268	   2088	   5818	   16ba	hello_world.elf
'Finished building: hello_world.elf.size'
' '
'Invoking: Xilinx ELF Check'
elfcheck hello_world.elf -hw ../../basic_system_hw_platform/system.xml -pe microblaze_0  |tee "hello_world.elf.elfcheck"
elfcheck
Xilinx EDK 14.6 Build EDK_P.68d
Copyright (c) 1995-2012 Xilinx, Inc.  All rights reserved.

Command Line: elfcheck -hw ../../basic_system_hw_platform/system.xml -pe
microblaze_0 hello_world.elf 

ELF file	: hello_world.elf
elfcheck passed.
'Finished building: hello_world.elf.elfcheck'
' '
11:27:17 **** Incremental Build of configuration Debug for project hello_world ****
make all 
make: Ništa za napraviti za `all'.
11:28:54 **** Auto Build of configuration Debug for project hello_world ****
make all 
'Building file: ../src/vga_periph_mem.c'
'Invoking: MicroBlaze gcc compiler'
mb-gcc -Wall -O0 -g3 -c -fmessage-length=0 -I../../hello_world_bsp/microblaze_0/include -mlittle-endian -mxl-barrel-shift -mxl-pattern-compare -mcpu=v8.50.b -mno-xl-soft-mul -Wl,--no-relax -ffunction-sections -fdata-sections -MMD -MP -MF"src/vga_periph_mem.d" -MT"src/vga_periph_mem.d" -o "src/vga_periph_mem.o" "../src/vga_periph_mem.c"
'Finished building: ../src/vga_periph_mem.c'
' '
'Building target: hello_world.elf'
'Invoking: MicroBlaze gcc linker'
mb-gcc -Wl,-T -Wl,../src/lscript.ld -L../../hello_world_bsp/microblaze_0/lib -mlittle-endian -mxl-barrel-shift -mxl-pattern-compare -mcpu=v8.50.b -mno-xl-soft-mul -Wl,--no-relax -Wl,--gc-sections -o "hello_world.elf"  ./src/helloworld.o ./src/platform.o ./src/vga_periph_mem.o   -Wl,--start-group,-lxil,-lgcc,-lc,--end-group
'Finished building target: hello_world.elf'
' '
'Invoking: MicroBlaze Print Size'
mb-size hello_world.elf  |tee "hello_world.elf.size"
   text	   data	    bss	    dec	    hex	filename
   3494	    268	   2088	   5850	   16da	hello_world.elf
'Finished building: hello_world.elf.size'
' '
'Invoking: Xilinx ELF Check'
elfcheck hello_world.elf -hw ../../basic_system_hw_platform/system.xml -pe microblaze_0  |tee "hello_world.elf.elfcheck"
elfcheck
Xilinx EDK 14.6 Build EDK_P.68d
Copyright (c) 1995-2012 Xilinx, Inc.  All rights reserved.

Command Line: elfcheck -hw ../../basic_system_hw_platform/system.xml -pe
microblaze_0 hello_world.elf 

ELF file	: hello_world.elf
elfcheck passed.
'Finished building: hello_world.elf.elfcheck'
' '
11:29:40 **** Auto Build of configuration Debug for project hello_world ****
make all 
'Building file: ../src/vga_periph_mem.c'
'Invoking: MicroBlaze gcc compiler'
mb-gcc -Wall -O0 -g3 -c -fmessage-length=0 -I../../hello_world_bsp/microblaze_0/include -mlittle-endian -mxl-barrel-shift -mxl-pattern-compare -mcpu=v8.50.b -mno-xl-soft-mul -Wl,--no-relax -ffunction-sections -fdata-sections -MMD -MP -MF"src/vga_periph_mem.d" -MT"src/vga_periph_mem.d" -o "src/vga_periph_mem.o" "../src/vga_periph_mem.c"
'Finished building: ../src/vga_periph_mem.c'
' '
'Building target: hello_world.elf'
'Invoking: MicroBlaze gcc linker'
mb-gcc -Wl,-T -Wl,../src/lscript.ld -L../../hello_world_bsp/microblaze_0/lib -mlittle-endian -mxl-barrel-shift -mxl-pattern-compare -mcpu=v8.50.b -mno-xl-soft-mul -Wl,--no-relax -Wl,--gc-sections -o "hello_world.elf"  ./src/helloworld.o ./src/platform.o ./src/vga_periph_mem.o   -Wl,--start-group,-lxil,-lgcc,-lc,--end-group
'Finished building target: hello_world.elf'
' '
'Invoking: MicroBlaze Print Size'
mb-size hello_world.elf  |tee "hello_world.elf.size"
   text	   data	    bss	    dec	    hex	filename
   3494	    268	   2088	   5850	   16da	hello_world.elf
'Finished building: hello_world.elf.size'
' '
'Invoking: Xilinx ELF Check'
elfcheck hello_world.elf -hw ../../basic_system_hw_platform/system.xml -pe microblaze_0  |tee "hello_world.elf.elfcheck"
elfcheck
Xilinx EDK 14.6 Build EDK_P.68d
Copyright (c) 1995-2012 Xilinx, Inc.  All rights reserved.

Command Line: elfcheck -hw ../../basic_system_hw_platform/system.xml -pe
microblaze_0 hello_world.elf 

ELF file	: hello_world.elf
elfcheck passed.
'Finished building: hello_world.elf.elfcheck'
' '
11:29:47 **** Auto Build of configuration Debug for project hello_world ****
make all 
'Building file: ../src/vga_periph_mem.c'
'Invoking: MicroBlaze gcc compiler'
mb-gcc -Wall -O0 -g3 -c -fmessage-length=0 -I../../hello_world_bsp/microblaze_0/include -mlittle-endian -mxl-barrel-shift -mxl-pattern-compare -mcpu=v8.50.b -mno-xl-soft-mul -Wl,--no-relax -ffunction-sections -fdata-sections -MMD -MP -MF"src/vga_periph_mem.d" -MT"src/vga_periph_mem.d" -o "src/vga_periph_mem.o" "../src/vga_periph_mem.c"
'Finished building: ../src/vga_periph_mem.c'
' '
'Building target: hello_world.elf'
'Invoking: MicroBlaze gcc linker'
mb-gcc -Wl,-T -Wl,../src/lscript.ld -L../../hello_world_bsp/microblaze_0/lib -mlittle-endian -mxl-barrel-shift -mxl-pattern-compare -mcpu=v8.50.b -mno-xl-soft-mul -Wl,--no-relax -Wl,--gc-sections -o "hello_world.elf"  ./src/helloworld.o ./src/platform.o ./src/vga_periph_mem.o   -Wl,--start-group,-lxil,-lgcc,-lc,--end-group
'Finished building target: hello_world.elf'
' '
'Invoking: MicroBlaze Print Size'
mb-size hello_world.elf  |tee "hello_world.elf.size"
   text	   data	    bss	    dec	    hex	filename
   3674	    268	   2098	   6040	   1798	hello_world.elf
'Finished building: hello_world.elf.size'
' '
'Invoking: Xilinx ELF Check'
elfcheck hello_world.elf -hw ../../basic_system_hw_platform/system.xml -pe microblaze_0  |tee "hello_world.elf.elfcheck"
elfcheck
Xilinx EDK 14.6 Build EDK_P.68d
Copyright (c) 1995-2012 Xilinx, Inc.  All rights reserved.

Command Line: elfcheck -hw ../../basic_system_hw_platform/system.xml -pe
microblaze_0 hello_world.elf 

ELF file	: hello_world.elf
elfcheck passed.
'Finished building: hello_world.elf.elfcheck'
' '
11:29:58 **** Auto Build of configuration Debug for project hello_world ****
make all 
'Building file: ../src/vga_periph_mem.c'
'Invoking: MicroBlaze gcc compiler'
mb-gcc -Wall -O0 -g3 -c -fmessage-length=0 -I../../hello_world_bsp/microblaze_0/include -mlittle-endian -mxl-barrel-shift -mxl-pattern-compare -mcpu=v8.50.b -mno-xl-soft-mul -Wl,--no-relax -ffunction-sections -fdata-sections -MMD -MP -MF"src/vga_periph_mem.d" -MT"src/vga_periph_mem.d" -o "src/vga_periph_mem.o" "../src/vga_periph_mem.c"
'Finished building: ../src/vga_periph_mem.c'
' '
'Building target: hello_world.elf'
'Invoking: MicroBlaze gcc linker'
mb-gcc -Wl,-T -Wl,../src/lscript.ld -L../../hello_world_bsp/microblaze_0/lib -mlittle-endian -mxl-barrel-shift -mxl-pattern-compare -mcpu=v8.50.b -mno-xl-soft-mul -Wl,--no-relax -Wl,--gc-sections -o "hello_world.elf"  ./src/helloworld.o ./src/platform.o ./src/vga_periph_mem.o   -Wl,--start-group,-lxil,-lgcc,-lc,--end-group
'Finished building target: hello_world.elf'
' '
'Invoking: MicroBlaze Print Size'
mb-size hello_world.elf  |tee "hello_world.elf.size"
   text	   data	    bss	    dec	    hex	filename
   3674	    268	   2098	   6040	   1798	hello_world.elf
'Finished building: hello_world.elf.size'
' '
'Invoking: Xilinx ELF Check'
elfcheck hello_world.elf -hw ../../basic_system_hw_platform/system.xml -pe microblaze_0  |tee "hello_world.elf.elfcheck"
elfcheck
Xilinx EDK 14.6 Build EDK_P.68d
Copyright (c) 1995-2012 Xilinx, Inc.  All rights reserved.

Command Line: elfcheck -hw ../../basic_system_hw_platform/system.xml -pe
microblaze_0 hello_world.elf 

ELF file	: hello_world.elf
elfcheck passed.
'Finished building: hello_world.elf.elfcheck'
' '
11:30:01 **** Incremental Build of configuration Debug for project hello_world ****
make all 
make: Ništa za napraviti za `all'.
11:30:05 **** Incremental Build of configuration Debug for project hello_world ****
make all 
make: Ništa za napraviti za `all'.
11:31:39 **** Auto Build of configuration Debug for project hello_world ****
make all 
'Building file: ../src/vga_periph_mem.c'
'Invoking: MicroBlaze gcc compiler'
mb-gcc -Wall -O0 -g3 -c -fmessage-length=0 -I../../hello_world_bsp/microblaze_0/include -mlittle-endian -mxl-barrel-shift -mxl-pattern-compare -mcpu=v8.50.b -mno-xl-soft-mul -Wl,--no-relax -ffunction-sections -fdata-sections -MMD -MP -MF"src/vga_periph_mem.d" -MT"src/vga_periph_mem.d" -o "src/vga_periph_mem.o" "../src/vga_periph_mem.c"
'Finished building: ../src/vga_periph_mem.c'
' '
'Building target: hello_world.elf'
'Invoking: MicroBlaze gcc linker'
mb-gcc -Wl,-T -Wl,../src/lscript.ld -L../../hello_world_bsp/microblaze_0/lib -mlittle-endian -mxl-barrel-shift -mxl-pattern-compare -mcpu=v8.50.b -mno-xl-soft-mul -Wl,--no-relax -Wl,--gc-sections -o "hello_world.elf"  ./src/helloworld.o ./src/platform.o ./src/vga_periph_mem.o   -Wl,--start-group,-lxil,-lgcc,-lc,--end-group
'Finished building target: hello_world.elf'
' '
'Invoking: MicroBlaze Print Size'
mb-size hello_world.elf  |tee "hello_world.elf.size"
   text	   data	    bss	    dec	    hex	filename
   4022	    268	   2088	   6378	   18ea	hello_world.elf
'Finished building: hello_world.elf.size'
' '
'Invoking: Xilinx ELF Check'
elfcheck hello_world.elf -hw ../../basic_system_hw_platform/system.xml -pe microblaze_0  |tee "hello_world.elf.elfcheck"
elfcheck
Xilinx EDK 14.6 Build EDK_P.68d
Copyright (c) 1995-2012 Xilinx, Inc.  All rights reserved.

Command Line: elfcheck -hw ../../basic_system_hw_platform/system.xml -pe
microblaze_0 hello_world.elf 

ELF file	: hello_world.elf
elfcheck passed.
'Finished building: hello_world.elf.elfcheck'
' '
11:32:22 **** Auto Build of configuration Debug for project hello_world ****
make all 
'Building file: ../src/vga_periph_mem.c'
'Invoking: MicroBlaze gcc compiler'
mb-gcc -Wall -O0 -g3 -c -fmessage-length=0 -I../../hello_world_bsp/microblaze_0/include -mlittle-endian -mxl-barrel-shift -mxl-pattern-compare -mcpu=v8.50.b -mno-xl-soft-mul -Wl,--no-relax -ffunction-sections -fdata-sections -MMD -MP -MF"src/vga_periph_mem.d" -MT"src/vga_periph_mem.d" -o "src/vga_periph_mem.o" "../src/vga_periph_mem.c"
'Finished building: ../src/vga_periph_mem.c'
' '
'Building target: hello_world.elf'
'Invoking: MicroBlaze gcc linker'
mb-gcc -Wl,-T -Wl,../src/lscript.ld -L../../hello_world_bsp/microblaze_0/lib -mlittle-endian -mxl-barrel-shift -mxl-pattern-compare -mcpu=v8.50.b -mno-xl-soft-mul -Wl,--no-relax -Wl,--gc-sections -o "hello_world.elf"  ./src/helloworld.o ./src/platform.o ./src/vga_periph_mem.o   -Wl,--start-group,-lxil,-lgcc,-lc,--end-group
'Finished building target: hello_world.elf'
' '
'Invoking: MicroBlaze Print Size'
mb-size hello_world.elf  |tee "hello_world.elf.size"
   text	   data	    bss	    dec	    hex	filename
   4022	    268	   2088	   6378	   18ea	hello_world.elf
'Finished building: hello_world.elf.size'
' '
'Invoking: Xilinx ELF Check'
elfcheck hello_world.elf -hw ../../basic_system_hw_platform/system.xml -pe microblaze_0  |tee "hello_world.elf.elfcheck"
elfcheck
Xilinx EDK 14.6 Build EDK_P.68d
Copyright (c) 1995-2012 Xilinx, Inc.  All rights reserved.

Command Line: elfcheck -hw ../../basic_system_hw_platform/system.xml -pe
microblaze_0 hello_world.elf 

ELF file	: hello_world.elf
elfcheck passed.
'Finished building: hello_world.elf.elfcheck'
' '
11:32:24 **** Incremental Build of configuration Debug for project hello_world ****
make all 
make: Ništa za napraviti za `all'.
11:32:27 **** Incremental Build of configuration Debug for project hello_world ****
make all 
make: Ništa za napraviti za `all'.
11:34:05 **** Auto Build of configuration Debug for project hello_world ****
make all 
'Building file: ../src/vga_periph_mem.c'
'Invoking: MicroBlaze gcc compiler'
mb-gcc -Wall -O0 -g3 -c -fmessage-length=0 -I../../hello_world_bsp/microblaze_0/include -mlittle-endian -mxl-barrel-shift -mxl-pattern-compare -mcpu=v8.50.b -mno-xl-soft-mul -Wl,--no-relax -ffunction-sections -fdata-sections -MMD -MP -MF"src/vga_periph_mem.d" -MT"src/vga_periph_mem.d" -o "src/vga_periph_mem.o" "../src/vga_periph_mem.c"
'Finished building: ../src/vga_periph_mem.c'
' '
'Building target: hello_world.elf'
'Invoking: MicroBlaze gcc linker'
mb-gcc -Wl,-T -Wl,../src/lscript.ld -L../../hello_world_bsp/microblaze_0/lib -mlittle-endian -mxl-barrel-shift -mxl-pattern-compare -mcpu=v8.50.b -mno-xl-soft-mul -Wl,--no-relax -Wl,--gc-sections -o "hello_world.elf"  ./src/helloworld.o ./src/platform.o ./src/vga_periph_mem.o   -Wl,--start-group,-lxil,-lgcc,-lc,--end-group
'Finished building target: hello_world.elf'
' '
'Invoking: MicroBlaze Print Size'
mb-size hello_world.elf  |tee "hello_world.elf.size"
   text	   data	    bss	    dec	    hex	filename
   4022	    268	   2088	   6378	   18ea	hello_world.elf
'Finished building: hello_world.elf.size'
' '
'Invoking: Xilinx ELF Check'
elfcheck hello_world.elf -hw ../../basic_system_hw_platform/system.xml -pe microblaze_0  |tee "hello_world.elf.elfcheck"
elfcheck
Xilinx EDK 14.6 Build EDK_P.68d
Copyright (c) 1995-2012 Xilinx, Inc.  All rights reserved.

Command Line: elfcheck -hw ../../basic_system_hw_platform/system.xml -pe
microblaze_0 hello_world.elf 

ELF file	: hello_world.elf
elfcheck passed.
'Finished building: hello_world.elf.elfcheck'
' '
11:34:07 **** Incremental Build of configuration Debug for project hello_world ****
make all 
make: Ništa za napraviti za `all'.
11:35:10 **** Auto Build of configuration Debug for project hello_world ****
make all 
'Building file: ../src/vga_periph_mem.c'
'Invoking: MicroBlaze gcc compiler'
mb-gcc -Wall -O0 -g3 -c -fmessage-length=0 -I../../hello_world_bsp/microblaze_0/include -mlittle-endian -mxl-barrel-shift -mxl-pattern-compare -mcpu=v8.50.b -mno-xl-soft-mul -Wl,--no-relax -ffunction-sections -fdata-sections -MMD -MP -MF"src/vga_periph_mem.d" -MT"src/vga_periph_mem.d" -o "src/vga_periph_mem.o" "../src/vga_periph_mem.c"
../src/vga_periph_mem.c:12:22: fatal error: graphics.h: No such file or directory
compilation terminated.
make: *** [src/vga_periph_mem.o] Greška 1
11:35:25 **** Auto Build of configuration Debug for project hello_world ****
make all 
'Building file: ../src/vga_periph_mem.c'
'Invoking: MicroBlaze gcc compiler'
mb-gcc -Wall -O0 -g3 -c -fmessage-length=0 -I../../hello_world_bsp/microblaze_0/include -mlittle-endian -mxl-barrel-shift -mxl-pattern-compare -mcpu=v8.50.b -mno-xl-soft-mul -Wl,--no-relax -ffunction-sections -fdata-sections -MMD -MP -MF"src/vga_periph_mem.d" -MT"src/vga_periph_mem.d" -o "src/vga_periph_mem.o" "../src/vga_periph_mem.c"
../src/vga_periph_mem.c:12:22: fatal error: graphics.h: No such file or directory
compilation terminated.
make: *** [src/vga_periph_mem.o] Greška 1
11:36:12 **** Auto Build of configuration Debug for project hello_world ****
make all 
'Building file: ../src/vga_periph_mem.c'
'Invoking: MicroBlaze gcc compiler'
mb-gcc -Wall -O0 -g3 -c -fmessage-length=0 -I../../hello_world_bsp/microblaze_0/include -mlittle-endian -mxl-barrel-shift -mxl-pattern-compare -mcpu=v8.50.b -mno-xl-soft-mul -Wl,--no-relax -ffunction-sections -fdata-sections -MMD -MP -MF"src/vga_periph_mem.d" -MT"src/vga_periph_mem.d" -o "src/vga_periph_mem.o" "../src/vga_periph_mem.c"
../src/vga_periph_mem.c: In function 'draw_smt':
../src/vga_periph_mem.c:140:5: warning: implicit declaration of function 'circle' [-Wimplicit-function-declaration]
../src/vga_periph_mem.c:141:5: error: 'else' without a previous 'if'
make: *** [src/vga_periph_mem.o] Greška 1
11:36:22 **** Auto Build of configuration Debug for project hello_world ****
make all 
'Building file: ../src/vga_periph_mem.c'
'Invoking: MicroBlaze gcc compiler'
mb-gcc -Wall -O0 -g3 -c -fmessage-length=0 -I../../hello_world_bsp/microblaze_0/include -mlittle-endian -mxl-barrel-shift -mxl-pattern-compare -mcpu=v8.50.b -mno-xl-soft-mul -Wl,--no-relax -ffunction-sections -fdata-sections -MMD -MP -MF"src/vga_periph_mem.d" -MT"src/vga_periph_mem.d" -o "src/vga_periph_mem.o" "../src/vga_periph_mem.c"
'Finished building: ../src/vga_periph_mem.c'
' '
'Building target: hello_world.elf'
'Invoking: MicroBlaze gcc linker'
mb-gcc -Wl,-T -Wl,../src/lscript.ld -L../../hello_world_bsp/microblaze_0/lib -mlittle-endian -mxl-barrel-shift -mxl-pattern-compare -mcpu=v8.50.b -mno-xl-soft-mul -Wl,--no-relax -Wl,--gc-sections -o "hello_world.elf"  ./src/helloworld.o ./src/platform.o ./src/vga_periph_mem.o   -Wl,--start-group,-lxil,-lgcc,-lc,--end-group
'Finished building target: hello_world.elf'
' '
'Invoking: MicroBlaze Print Size'
mb-size hello_world.elf  |tee "hello_world.elf.size"
   text	   data	    bss	    dec	    hex	filename
   4022	    268	   2088	   6378	   18ea	hello_world.elf
'Finished building: hello_world.elf.size'
' '
'Invoking: Xilinx ELF Check'
elfcheck hello_world.elf -hw ../../basic_system_hw_platform/system.xml -pe microblaze_0  |tee "hello_world.elf.elfcheck"
elfcheck
Xilinx EDK 14.6 Build EDK_P.68d
Copyright (c) 1995-2012 Xilinx, Inc.  All rights reserved.

Command Line: elfcheck -hw ../../basic_system_hw_platform/system.xml -pe
microblaze_0 hello_world.elf 

ELF file	: hello_world.elf
elfcheck passed.
'Finished building: hello_world.elf.elfcheck'
' '
11:38:28 **** Auto Build of configuration Debug for project hello_world ****
make all 
'Building file: ../src/vga_periph_mem.c'
'Invoking: MicroBlaze gcc compiler'
mb-gcc -Wall -O0 -g3 -c -fmessage-length=0 -I../../hello_world_bsp/microblaze_0/include -mlittle-endian -mxl-barrel-shift -mxl-pattern-compare -mcpu=v8.50.b -mno-xl-soft-mul -Wl,--no-relax -ffunction-sections -fdata-sections -MMD -MP -MF"src/vga_periph_mem.d" -MT"src/vga_periph_mem.d" -o "src/vga_periph_mem.o" "../src/vga_periph_mem.c"
'Finished building: ../src/vga_periph_mem.c'
' '
'Building target: hello_world.elf'
'Invoking: MicroBlaze gcc linker'
mb-gcc -Wl,-T -Wl,../src/lscript.ld -L../../hello_world_bsp/microblaze_0/lib -mlittle-endian -mxl-barrel-shift -mxl-pattern-compare -mcpu=v8.50.b -mno-xl-soft-mul -Wl,--no-relax -Wl,--gc-sections -o "hello_world.elf"  ./src/helloworld.o ./src/platform.o ./src/vga_periph_mem.o   -Wl,--start-group,-lxil,-lgcc,-lc,--end-group
'Finished building target: hello_world.elf'
' '
'Invoking: MicroBlaze Print Size'
mb-size hello_world.elf  |tee "hello_world.elf.size"
   text	   data	    bss	    dec	    hex	filename
   4022	    268	   2088	   6378	   18ea	hello_world.elf
'Finished building: hello_world.elf.size'
' '
'Invoking: Xilinx ELF Check'
elfcheck hello_world.elf -hw ../../basic_system_hw_platform/system.xml -pe microblaze_0  |tee "hello_world.elf.elfcheck"
elfcheck
Xilinx EDK 14.6 Build EDK_P.68d
Copyright (c) 1995-2012 Xilinx, Inc.  All rights reserved.

Command Line: elfcheck -hw ../../basic_system_hw_platform/system.xml -pe
microblaze_0 hello_world.elf 

ELF file	: hello_world.elf
elfcheck passed.
'Finished building: hello_world.elf.elfcheck'
' '
11:44:19 **** Auto Build of configuration Debug for project hello_world ****
make all 
'Building file: ../src/vga_periph_mem.c'
'Invoking: MicroBlaze gcc compiler'
mb-gcc -Wall -O0 -g3 -c -fmessage-length=0 -I../../hello_world_bsp/microblaze_0/include -mlittle-endian -mxl-barrel-shift -mxl-pattern-compare -mcpu=v8.50.b -mno-xl-soft-mul -Wl,--no-relax -ffunction-sections -fdata-sections -MMD -MP -MF"src/vga_periph_mem.d" -MT"src/vga_periph_mem.d" -o "src/vga_periph_mem.o" "../src/vga_periph_mem.c"
../src/vga_periph_mem.c: In function 'draw_smt':
../src/vga_periph_mem.c:147:4: error: expected ')' before '}' token
../src/vga_periph_mem.c:147:4: error: expected expression before '}' token
../src/vga_periph_mem.c:109:6: warning: variable 'i' set but not used [-Wunused-but-set-variable]
make: *** [src/vga_periph_mem.o] Greška 1
11:44:22 **** Auto Build of configuration Debug for project hello_world ****
make all 
'Building file: ../src/vga_periph_mem.c'
'Invoking: MicroBlaze gcc compiler'
mb-gcc -Wall -O0 -g3 -c -fmessage-length=0 -I../../hello_world_bsp/microblaze_0/include -mlittle-endian -mxl-barrel-shift -mxl-pattern-compare -mcpu=v8.50.b -mno-xl-soft-mul -Wl,--no-relax -ffunction-sections -fdata-sections -MMD -MP -MF"src/vga_periph_mem.d" -MT"src/vga_periph_mem.d" -o "src/vga_periph_mem.o" "../src/vga_periph_mem.c"
../src/vga_periph_mem.c: In function 'draw_smt':
../src/vga_periph_mem.c:115:57: error: unterminated comment
../src/vga_periph_mem.c:115:5: error: expected ')' at end of input
../src/vga_periph_mem.c:115:5: error: expected declaration or statement at end of input
../src/vga_periph_mem.c:115:5: error: expected declaration or statement at end of input
../src/vga_periph_mem.c:115:5: error: expected declaration or statement at end of input
../src/vga_periph_mem.c:109:6: warning: variable 'i' set but not used [-Wunused-but-set-variable]
make: *** [src/vga_periph_mem.o] Greška 1
11:44:27 **** Auto Build of configuration Debug for project hello_world ****
make all 
'Building file: ../src/vga_periph_mem.c'
'Invoking: MicroBlaze gcc compiler'
mb-gcc -Wall -O0 -g3 -c -fmessage-length=0 -I../../hello_world_bsp/microblaze_0/include -mlittle-endian -mxl-barrel-shift -mxl-pattern-compare -mcpu=v8.50.b -mno-xl-soft-mul -Wl,--no-relax -ffunction-sections -fdata-sections -MMD -MP -MF"src/vga_periph_mem.d" -MT"src/vga_periph_mem.d" -o "src/vga_periph_mem.o" "../src/vga_periph_mem.c"
'Finished building: ../src/vga_periph_mem.c'
' '
'Building target: hello_world.elf'
'Invoking: MicroBlaze gcc linker'
mb-gcc -Wl,-T -Wl,../src/lscript.ld -L../../hello_world_bsp/microblaze_0/lib -mlittle-endian -mxl-barrel-shift -mxl-pattern-compare -mcpu=v8.50.b -mno-xl-soft-mul -Wl,--no-relax -Wl,--gc-sections -o "hello_world.elf"  ./src/helloworld.o ./src/platform.o ./src/vga_periph_mem.o   -Wl,--start-group,-lxil,-lgcc,-lc,--end-group
'Finished building target: hello_world.elf'
' '
'Invoking: MicroBlaze Print Size'
mb-size hello_world.elf  |tee "hello_world.elf.size"
   text	   data	    bss	    dec	    hex	filename
   4022	    268	   2088	   6378	   18ea	hello_world.elf
'Finished building: hello_world.elf.size'
' '
'Invoking: Xilinx ELF Check'
elfcheck hello_world.elf -hw ../../basic_system_hw_platform/system.xml -pe microblaze_0  |tee "hello_world.elf.elfcheck"
elfcheck
Xilinx EDK 14.6 Build EDK_P.68d
Copyright (c) 1995-2012 Xilinx, Inc.  All rights reserved.

Command Line: elfcheck -hw ../../basic_system_hw_platform/system.xml -pe
microblaze_0 hello_world.elf 

ELF file	: hello_world.elf
elfcheck passed.
'Finished building: hello_world.elf.elfcheck'
' '
11:44:39 **** Auto Build of configuration Debug for project hello_world ****
make all 
'Building file: ../src/vga_periph_mem.c'
'Invoking: MicroBlaze gcc compiler'
mb-gcc -Wall -O0 -g3 -c -fmessage-length=0 -I../../hello_world_bsp/microblaze_0/include -mlittle-endian -mxl-barrel-shift -mxl-pattern-compare -mcpu=v8.50.b -mno-xl-soft-mul -Wl,--no-relax -ffunction-sections -fdata-sections -MMD -MP -MF"src/vga_periph_mem.d" -MT"src/vga_periph_mem.d" -o "src/vga_periph_mem.o" "../src/vga_periph_mem.c"
'Finished building: ../src/vga_periph_mem.c'
' '
'Building target: hello_world.elf'
'Invoking: MicroBlaze gcc linker'
mb-gcc -Wl,-T -Wl,../src/lscript.ld -L../../hello_world_bsp/microblaze_0/lib -mlittle-endian -mxl-barrel-shift -mxl-pattern-compare -mcpu=v8.50.b -mno-xl-soft-mul -Wl,--no-relax -Wl,--gc-sections -o "hello_world.elf"  ./src/helloworld.o ./src/platform.o ./src/vga_periph_mem.o   -Wl,--start-group,-lxil,-lgcc,-lc,--end-group
'Finished building target: hello_world.elf'
' '
'Invoking: MicroBlaze Print Size'
mb-size hello_world.elf  |tee "hello_world.elf.size"
   text	   data	    bss	    dec	    hex	filename
   3990	    268	   2088	   6346	   18ca	hello_world.elf
'Finished building: hello_world.elf.size'
' '
'Invoking: Xilinx ELF Check'
elfcheck hello_world.elf -hw ../../basic_system_hw_platform/system.xml -pe microblaze_0  |tee "hello_world.elf.elfcheck"
elfcheck
Xilinx EDK 14.6 Build EDK_P.68d
Copyright (c) 1995-2012 Xilinx, Inc.  All rights reserved.

Command Line: elfcheck -hw ../../basic_system_hw_platform/system.xml -pe
microblaze_0 hello_world.elf 

ELF file	: hello_world.elf
elfcheck passed.
'Finished building: hello_world.elf.elfcheck'
' '
11:44:42 **** Incremental Build of configuration Debug for project hello_world ****
make all 
make: Ništa za napraviti za `all'.
11:44:47 **** Incremental Build of configuration Debug for project hello_world ****
make all 
make: Ništa za napraviti za `all'.
11:45:24 **** Auto Build of configuration Debug for project hello_world ****
make all 
'Building file: ../src/vga_periph_mem.c'
'Invoking: MicroBlaze gcc compiler'
mb-gcc -Wall -O0 -g3 -c -fmessage-length=0 -I../../hello_world_bsp/microblaze_0/include -mlittle-endian -mxl-barrel-shift -mxl-pattern-compare -mcpu=v8.50.b -mno-xl-soft-mul -Wl,--no-relax -ffunction-sections -fdata-sections -MMD -MP -MF"src/vga_periph_mem.d" -MT"src/vga_periph_mem.d" -o "src/vga_periph_mem.o" "../src/vga_periph_mem.c"
../src/vga_periph_mem.c: In function 'draw_smt':
../src/vga_periph_mem.c:129:25: error: expected expression before '/' token
make: *** [src/vga_periph_mem.o] Greška 1
11:45:27 **** Incremental Build of configuration Debug for project hello_world ****
make all 
'Building file: ../src/vga_periph_mem.c'
'Invoking: MicroBlaze gcc compiler'
mb-gcc -Wall -O0 -g3 -c -fmessage-length=0 -I../../hello_world_bsp/microblaze_0/include -mlittle-endian -mxl-barrel-shift -mxl-pattern-compare -mcpu=v8.50.b -mno-xl-soft-mul -Wl,--no-relax -ffunction-sections -fdata-sections -MMD -MP -MF"src/vga_periph_mem.d" -MT"src/vga_periph_mem.d" -o "src/vga_periph_mem.o" "../src/vga_periph_mem.c"
../src/vga_periph_mem.c: In function 'draw_smt':
../src/vga_periph_mem.c:129:25: error: expected expression before '/' token
make: *** [src/vga_periph_mem.o] Greška 1
11:45:31 **** Auto Build of configuration Debug for project hello_world ****
make all 
'Building file: ../src/vga_periph_mem.c'
'Invoking: MicroBlaze gcc compiler'
mb-gcc -Wall -O0 -g3 -c -fmessage-length=0 -I../../hello_world_bsp/microblaze_0/include -mlittle-endian -mxl-barrel-shift -mxl-pattern-compare -mcpu=v8.50.b -mno-xl-soft-mul -Wl,--no-relax -ffunction-sections -fdata-sections -MMD -MP -MF"src/vga_periph_mem.d" -MT"src/vga_periph_mem.d" -o "src/vga_periph_mem.o" "../src/vga_periph_mem.c"
'Finished building: ../src/vga_periph_mem.c'
' '
[...]
elfcheck
Xilinx EDK 14.6 Build EDK_P.68d
Copyright (c) 1995-2012 Xilinx, Inc.  All rights reserved.

Command Line: elfcheck -hw ../../basic_system_hw_platform/system.xml -pe
microblaze_0 hello_world.elf 

ELF file	: hello_world.elf
elfcheck passed.
'Finished building: hello_world.elf.elfcheck'
' '
09:54:21 **** Incremental Build of configuration Debug for project hello_world ****
make all 
make: Ništa za napraviti za `all'.
09:54:39 **** Auto Build of configuration Debug for project hello_world ****
make all 
'Building file: ../src/vga_periph_mem.c'
'Invoking: MicroBlaze gcc compiler'
mb-gcc -Wall -O0 -g3 -c -fmessage-length=0 -I../../hello_world_bsp/microblaze_0/include -mlittle-endian -mxl-barrel-shift -mxl-pattern-compare -mcpu=v8.50.b -mno-xl-soft-mul -Wl,--no-relax -ffunction-sections -fdata-sections -MMD -MP -MF"src/vga_periph_mem.d" -MT"src/vga_periph_mem.d" -o "src/vga_periph_mem.o" "../src/vga_periph_mem.c"
'Finished building: ../src/vga_periph_mem.c'
' '
'Building target: hello_world.elf'
'Invoking: MicroBlaze gcc linker'
mb-gcc -Wl,-T -Wl,../src/lscript.ld -L../../hello_world_bsp/microblaze_0/lib -mlittle-endian -mxl-barrel-shift -mxl-pattern-compare -mcpu=v8.50.b -mno-xl-soft-mul -Wl,--no-relax -Wl,--gc-sections -o "hello_world.elf"  ./src/helloworld.o ./src/platform.o ./src/vga_periph_mem.o   -Wl,--start-group,-lxil,-lgcc,-lc,--end-group
'Finished building target: hello_world.elf'
' '
'Invoking: MicroBlaze Print Size'
mb-size hello_world.elf  |tee "hello_world.elf.size"
   text	   data	    bss	    dec	    hex	filename
   3970	    268	   2098	   6336	   18c0	hello_world.elf
'Finished building: hello_world.elf.size'
' '
'Invoking: Xilinx ELF Check'
elfcheck hello_world.elf -hw ../../basic_system_hw_platform/system.xml -pe microblaze_0  |tee "hello_world.elf.elfcheck"
elfcheck
Xilinx EDK 14.6 Build EDK_P.68d
Copyright (c) 1995-2012 Xilinx, Inc.  All rights reserved.

Command Line: elfcheck -hw ../../basic_system_hw_platform/system.xml -pe
microblaze_0 hello_world.elf 

ELF file	: hello_world.elf
elfcheck passed.
'Finished building: hello_world.elf.elfcheck'
' '
09:54:41 **** Incremental Build of configuration Debug for project hello_world ****
make all 
make: Ništa za napraviti za `all'.
09:55:14 **** Auto Build of configuration Debug for project hello_world ****
make all 
'Building file: ../src/vga_periph_mem.c'
'Invoking: MicroBlaze gcc compiler'
mb-gcc -Wall -O0 -g3 -c -fmessage-length=0 -I../../hello_world_bsp/microblaze_0/include -mlittle-endian -mxl-barrel-shift -mxl-pattern-compare -mcpu=v8.50.b -mno-xl-soft-mul -Wl,--no-relax -ffunction-sections -fdata-sections -MMD -MP -MF"src/vga_periph_mem.d" -MT"src/vga_periph_mem.d" -o "src/vga_periph_mem.o" "../src/vga_periph_mem.c"
'Finished building: ../src/vga_periph_mem.c'
' '
'Building target: hello_world.elf'
'Invoking: MicroBlaze gcc linker'
mb-gcc -Wl,-T -Wl,../src/lscript.ld -L../../hello_world_bsp/microblaze_0/lib -mlittle-endian -mxl-barrel-shift -mxl-pattern-compare -mcpu=v8.50.b -mno-xl-soft-mul -Wl,--no-relax -Wl,--gc-sections -o "hello_world.elf"  ./src/helloworld.o ./src/platform.o ./src/vga_periph_mem.o   -Wl,--start-group,-lxil,-lgcc,-lc,--end-group
'Finished building target: hello_world.elf'
' '
'Invoking: MicroBlaze Print Size'
mb-size hello_world.elf  |tee "hello_world.elf.size"
   text	   data	    bss	    dec	    hex	filename
   3962	    268	   2098	   6328	   18b8	hello_world.elf
'Finished building: hello_world.elf.size'
' '
'Invoking: Xilinx ELF Check'
elfcheck hello_world.elf -hw ../../basic_system_hw_platform/system.xml -pe microblaze_0  |tee "hello_world.elf.elfcheck"
elfcheck
Xilinx EDK 14.6 Build EDK_P.68d
Copyright (c) 1995-2012 Xilinx, Inc.  All rights reserved.

Command Line: elfcheck -hw ../../basic_system_hw_platform/system.xml -pe
microblaze_0 hello_world.elf 

ELF file	: hello_world.elf
elfcheck passed.
'Finished building: hello_world.elf.elfcheck'
' '
09:55:17 **** Incremental Build of configuration Debug for project hello_world ****
make all 
make: Ništa za napraviti za `all'.
09:55:45 **** Auto Build of configuration Debug for project hello_world ****
make all 
'Building file: ../src/vga_periph_mem.c'
'Invoking: MicroBlaze gcc compiler'
mb-gcc -Wall -O0 -g3 -c -fmessage-length=0 -I../../hello_world_bsp/microblaze_0/include -mlittle-endian -mxl-barrel-shift -mxl-pattern-compare -mcpu=v8.50.b -mno-xl-soft-mul -Wl,--no-relax -ffunction-sections -fdata-sections -MMD -MP -MF"src/vga_periph_mem.d" -MT"src/vga_periph_mem.d" -o "src/vga_periph_mem.o" "../src/vga_periph_mem.c"
'Finished building: ../src/vga_periph_mem.c'
' '
'Building target: hello_world.elf'
'Invoking: MicroBlaze gcc linker'
mb-gcc -Wl,-T -Wl,../src/lscript.ld -L../../hello_world_bsp/microblaze_0/lib -mlittle-endian -mxl-barrel-shift -mxl-pattern-compare -mcpu=v8.50.b -mno-xl-soft-mul -Wl,--no-relax -Wl,--gc-sections -o "hello_world.elf"  ./src/helloworld.o ./src/platform.o ./src/vga_periph_mem.o   -Wl,--start-group,-lxil,-lgcc,-lc,--end-group
'Finished building target: hello_world.elf'
' '
'Invoking: MicroBlaze Print Size'
mb-size hello_world.elf  |tee "hello_world.elf.size"
   text	   data	    bss	    dec	    hex	filename
   3966	    268	   2088	   6322	   18b2	hello_world.elf
'Finished building: hello_world.elf.size'
' '
'Invoking: Xilinx ELF Check'
elfcheck hello_world.elf -hw ../../basic_system_hw_platform/system.xml -pe microblaze_0  |tee "hello_world.elf.elfcheck"
elfcheck
Xilinx EDK 14.6 Build EDK_P.68d
Copyright (c) 1995-2012 Xilinx, Inc.  All rights reserved.

Command Line: elfcheck -hw ../../basic_system_hw_platform/system.xml -pe
microblaze_0 hello_world.elf 

ELF file	: hello_world.elf
elfcheck passed.
'Finished building: hello_world.elf.elfcheck'
' '
09:55:50 **** Incremental Build of configuration Debug for project hello_world ****
make all 
make: Ništa za napraviti za `all'.
09:56:44 **** Auto Build of configuration Debug for project hello_world ****
make all 
'Building file: ../src/vga_periph_mem.c'
'Invoking: MicroBlaze gcc compiler'
mb-gcc -Wall -O0 -g3 -c -fmessage-length=0 -I../../hello_world_bsp/microblaze_0/include -mlittle-endian -mxl-barrel-shift -mxl-pattern-compare -mcpu=v8.50.b -mno-xl-soft-mul -Wl,--no-relax -ffunction-sections -fdata-sections -MMD -MP -MF"src/vga_periph_mem.d" -MT"src/vga_periph_mem.d" -o "src/vga_periph_mem.o" "../src/vga_periph_mem.c"
'Finished building: ../src/vga_periph_mem.c'
' '
'Building target: hello_world.elf'
'Invoking: MicroBlaze gcc linker'
mb-gcc -Wl,-T -Wl,../src/lscript.ld -L../../hello_world_bsp/microblaze_0/lib -mlittle-endian -mxl-barrel-shift -mxl-pattern-compare -mcpu=v8.50.b -mno-xl-soft-mul -Wl,--no-relax -Wl,--gc-sections -o "hello_world.elf"  ./src/helloworld.o ./src/platform.o ./src/vga_periph_mem.o   -Wl,--start-group,-lxil,-lgcc,-lc,--end-group
'Finished building target: hello_world.elf'
' '
'Invoking: MicroBlaze Print Size'
mb-size hello_world.elf  |tee "hello_world.elf.size"
   text	   data	    bss	    dec	    hex	filename
   3966	    268	   2088	   6322	   18b2	hello_world.elf
'Finished building: hello_world.elf.size'
' '
'Invoking: Xilinx ELF Check'
elfcheck hello_world.elf -hw ../../basic_system_hw_platform/system.xml -pe microblaze_0  |tee "hello_world.elf.elfcheck"
elfcheck
Xilinx EDK 14.6 Build EDK_P.68d
Copyright (c) 1995-2012 Xilinx, Inc.  All rights reserved.

Command Line: elfcheck -hw ../../basic_system_hw_platform/system.xml -pe
microblaze_0 hello_world.elf 

ELF file	: hello_world.elf
elfcheck passed.
'Finished building: hello_world.elf.elfcheck'
' '
09:57:04 **** Auto Build of configuration Debug for project hello_world ****
make all 
'Building file: ../src/vga_periph_mem.c'
'Invoking: MicroBlaze gcc compiler'
mb-gcc -Wall -O0 -g3 -c -fmessage-length=0 -I../../hello_world_bsp/microblaze_0/include -mlittle-endian -mxl-barrel-shift -mxl-pattern-compare -mcpu=v8.50.b -mno-xl-soft-mul -Wl,--no-relax -ffunction-sections -fdata-sections -MMD -MP -MF"src/vga_periph_mem.d" -MT"src/vga_periph_mem.d" -o "src/vga_periph_mem.o" "../src/vga_periph_mem.c"
'Finished building: ../src/vga_periph_mem.c'
' '
'Building target: hello_world.elf'
'Invoking: MicroBlaze gcc linker'
mb-gcc -Wl,-T -Wl,../src/lscript.ld -L../../hello_world_bsp/microblaze_0/lib -mlittle-endian -mxl-barrel-shift -mxl-pattern-compare -mcpu=v8.50.b -mno-xl-soft-mul -Wl,--no-relax -Wl,--gc-sections -o "hello_world.elf"  ./src/helloworld.o ./src/platform.o ./src/vga_periph_mem.o   -Wl,--start-group,-lxil,-lgcc,-lc,--end-group
'Finished building target: hello_world.elf'
' '
'Invoking: MicroBlaze Print Size'
mb-size hello_world.elf  |tee "hello_world.elf.size"
   text	   data	    bss	    dec	    hex	filename
   3966	    268	   2088	   6322	   18b2	hello_world.elf
'Finished building: hello_world.elf.size'
' '
'Invoking: Xilinx ELF Check'
elfcheck hello_world.elf -hw ../../basic_system_hw_platform/system.xml -pe microblaze_0  |tee "hello_world.elf.elfcheck"
elfcheck
Xilinx EDK 14.6 Build EDK_P.68d
Copyright (c) 1995-2012 Xilinx, Inc.  All rights reserved.

Command Line: elfcheck -hw ../../basic_system_hw_platform/system.xml -pe
microblaze_0 hello_world.elf 

ELF file	: hello_world.elf
elfcheck passed.
'Finished building: hello_world.elf.elfcheck'
' '
09:57:06 **** Incremental Build of configuration Debug for project hello_world ****
make all 
make: Ništa za napraviti za `all'.
09:57:44 **** Auto Build of configuration Debug for project hello_world ****
make all 
'Building file: ../src/helloworld.c'
'Invoking: MicroBlaze gcc compiler'
mb-gcc -Wall -O0 -g3 -c -fmessage-length=0 -I../../hello_world_bsp/microblaze_0/include -mlittle-endian -mxl-barrel-shift -mxl-pattern-compare -mcpu=v8.50.b -mno-xl-soft-mul -Wl,--no-relax -ffunction-sections -fdata-sections -MMD -MP -MF"src/helloworld.d" -MT"src/helloworld.d" -o "src/helloworld.o" "../src/helloworld.c"
'Finished building: ../src/helloworld.c'
' '
'Building target: hello_world.elf'
'Invoking: MicroBlaze gcc linker'
mb-gcc -Wl,-T -Wl,../src/lscript.ld -L../../hello_world_bsp/microblaze_0/lib -mlittle-endian -mxl-barrel-shift -mxl-pattern-compare -mcpu=v8.50.b -mno-xl-soft-mul -Wl,--no-relax -Wl,--gc-sections -o "hello_world.elf"  ./src/helloworld.o ./src/platform.o ./src/vga_periph_mem.o   -Wl,--start-group,-lxil,-lgcc,-lc,--end-group
'Finished building target: hello_world.elf'
' '
'Invoking: MicroBlaze Print Size'
mb-size hello_world.elf  |tee "hello_world.elf.size"
   text	   data	    bss	    dec	    hex	filename
   3966	    268	   2088	   6322	   18b2	hello_world.elf
'Finished building: hello_world.elf.size'
' '
'Invoking: Xilinx ELF Check'
elfcheck hello_world.elf -hw ../../basic_system_hw_platform/system.xml -pe microblaze_0  |tee "hello_world.elf.elfcheck"
elfcheck
Xilinx EDK 14.6 Build EDK_P.68d
Copyright (c) 1995-2012 Xilinx, Inc.  All rights reserved.

Command Line: elfcheck -hw ../../basic_system_hw_platform/system.xml -pe
microblaze_0 hello_world.elf 

ELF file	: hello_world.elf
elfcheck passed.
'Finished building: hello_world.elf.elfcheck'
' '
09:59:55 **** Auto Build of configuration Debug for project hello_world ****
make all 
'Building file: ../src/helloworld.c'
'Invoking: MicroBlaze gcc compiler'
mb-gcc -Wall -O0 -g3 -c -fmessage-length=0 -I../../hello_world_bsp/microblaze_0/include -mlittle-endian -mxl-barrel-shift -mxl-pattern-compare -mcpu=v8.50.b -mno-xl-soft-mul -Wl,--no-relax -ffunction-sections -fdata-sections -MMD -MP -MF"src/helloworld.d" -MT"src/helloworld.d" -o "src/helloworld.o" "../src/helloworld.c"
'Finished building: ../src/helloworld.c'
' '
'Building target: hello_world.elf'
'Invoking: MicroBlaze gcc linker'
mb-gcc -Wl,-T -Wl,../src/lscript.ld -L../../hello_world_bsp/microblaze_0/lib -mlittle-endian -mxl-barrel-shift -mxl-pattern-compare -mcpu=v8.50.b -mno-xl-soft-mul -Wl,--no-relax -Wl,--gc-sections -o "hello_world.elf"  ./src/helloworld.o ./src/platform.o ./src/vga_periph_mem.o   -Wl,--start-group,-lxil,-lgcc,-lc,--end-group
'Finished building target: hello_world.elf'
' '
'Invoking: MicroBlaze Print Size'
mb-size hello_world.elf  |tee "hello_world.elf.size"
   text	   data	    bss	    dec	    hex	filename
   3102	    268	   2088	   5458	   1552	hello_world.elf
'Finished building: hello_world.elf.size'
' '
'Invoking: Xilinx ELF Check'
elfcheck hello_world.elf -hw ../../basic_system_hw_platform/system.xml -pe microblaze_0  |tee "hello_world.elf.elfcheck"
elfcheck
Xilinx EDK 14.6 Build EDK_P.68d
Copyright (c) 1995-2012 Xilinx, Inc.  All rights reserved.

Command Line: elfcheck -hw ../../basic_system_hw_platform/system.xml -pe
microblaze_0 hello_world.elf 

ELF file	: hello_world.elf
elfcheck passed.
'Finished building: hello_world.elf.elfcheck'
' '
09:59:57 **** Incremental Build of configuration Debug for project hello_world ****
make all 
make: Ništa za napraviti za `all'.
10:00:12 **** Auto Build of configuration Debug for project hello_world ****
make all 
'Building file: ../src/helloworld.c'
'Invoking: MicroBlaze gcc compiler'
mb-gcc -Wall -O0 -g3 -c -fmessage-length=0 -I../../hello_world_bsp/microblaze_0/include -mlittle-endian -mxl-barrel-shift -mxl-pattern-compare -mcpu=v8.50.b -mno-xl-soft-mul -Wl,--no-relax -ffunction-sections -fdata-sections -MMD -MP -MF"src/helloworld.d" -MT"src/helloworld.d" -o "src/helloworld.o" "../src/helloworld.c"
'Finished building: ../src/helloworld.c'
' '
'Building target: hello_world.elf'
'Invoking: MicroBlaze gcc linker'
mb-gcc -Wl,-T -Wl,../src/lscript.ld -L../../hello_world_bsp/microblaze_0/lib -mlittle-endian -mxl-barrel-shift -mxl-pattern-compare -mcpu=v8.50.b -mno-xl-soft-mul -Wl,--no-relax -Wl,--gc-sections -o "hello_world.elf"  ./src/helloworld.o ./src/platform.o ./src/vga_periph_mem.o   -Wl,--start-group,-lxil,-lgcc,-lc,--end-group
'Finished building target: hello_world.elf'
' '
'Invoking: MicroBlaze Print Size'
mb-size hello_world.elf  |tee "hello_world.elf.size"
   text	   data	    bss	    dec	    hex	filename
   3966	    268	   2088	   6322	   18b2	hello_world.elf
'Finished building: hello_world.elf.size'
' '
'Invoking: Xilinx ELF Check'
elfcheck hello_world.elf -hw ../../basic_system_hw_platform/system.xml -pe microblaze_0  |tee "hello_world.elf.elfcheck"
elfcheck
Xilinx EDK 14.6 Build EDK_P.68d
Copyright (c) 1995-2012 Xilinx, Inc.  All rights reserved.

Command Line: elfcheck -hw ../../basic_system_hw_platform/system.xml -pe
microblaze_0 hello_world.elf 

ELF file	: hello_world.elf
elfcheck passed.
'Finished building: hello_world.elf.elfcheck'
' '
10:00:14 **** Incremental Build of configuration Debug for project hello_world ****
make all 
make: Ništa za napraviti za `all'.
10:10:00 **** Auto Build of configuration Debug for project hello_world ****
make all 
'Building file: ../src/vga_periph_mem.c'
'Invoking: MicroBlaze gcc compiler'
mb-gcc -Wall -O0 -g3 -c -fmessage-length=0 -I../../hello_world_bsp/microblaze_0/include -mlittle-endian -mxl-barrel-shift -mxl-pattern-compare -mcpu=v8.50.b -mno-xl-soft-mul -Wl,--no-relax -ffunction-sections -fdata-sections -MMD -MP -MF"src/vga_periph_mem.d" -MT"src/vga_periph_mem.d" -o "src/vga_periph_mem.o" "../src/vga_periph_mem.c"
'Finished building: ../src/vga_periph_mem.c'
' '
'Building target: hello_world.elf'
'Invoking: MicroBlaze gcc linker'
mb-gcc -Wl,-T -Wl,../src/lscript.ld -L../../hello_world_bsp/microblaze_0/lib -mlittle-endian -mxl-barrel-shift -mxl-pattern-compare -mcpu=v8.50.b -mno-xl-soft-mul -Wl,--no-relax -Wl,--gc-sections -o "hello_world.elf"  ./src/helloworld.o ./src/platform.o ./src/vga_periph_mem.o   -Wl,--start-group,-lxil,-lgcc,-lc,--end-group
'Finished building target: hello_world.elf'
' '
'Invoking: MicroBlaze Print Size'
mb-size hello_world.elf  |tee "hello_world.elf.size"
   text	   data	    bss	    dec	    hex	filename
   3962	    268	   2098	   6328	   18b8	hello_world.elf
'Finished building: hello_world.elf.size'
' '
'Invoking: Xilinx ELF Check'
elfcheck hello_world.elf -hw ../../basic_system_hw_platform/system.xml -pe microblaze_0  |tee "hello_world.elf.elfcheck"
elfcheck
Xilinx EDK 14.6 Build EDK_P.68d
Copyright (c) 1995-2012 Xilinx, Inc.  All rights reserved.

Command Line: elfcheck -hw ../../basic_system_hw_platform/system.xml -pe
microblaze_0 hello_world.elf 

ELF file	: hello_world.elf
elfcheck passed.
'Finished building: hello_world.elf.elfcheck'
' '
10:10:02 **** Incremental Build of configuration Debug for project hello_world ****
make all 
make: Ništa za napraviti za `all'.
10:10:21 **** Auto Build of configuration Debug for project hello_world ****
make all 
'Building file: ../src/vga_periph_mem.c'
'Invoking: MicroBlaze gcc compiler'
mb-gcc -Wall -O0 -g3 -c -fmessage-length=0 -I../../hello_world_bsp/microblaze_0/include -mlittle-endian -mxl-barrel-shift -mxl-pattern-compare -mcpu=v8.50.b -mno-xl-soft-mul -Wl,--no-relax -ffunction-sections -fdata-sections -MMD -MP -MF"src/vga_periph_mem.d" -MT"src/vga_periph_mem.d" -o "src/vga_periph_mem.o" "../src/vga_periph_mem.c"
'Finished building: ../src/vga_periph_mem.c'
' '
'Building target: hello_world.elf'
'Invoking: MicroBlaze gcc linker'
mb-gcc -Wl,-T -Wl,../src/lscript.ld -L../../hello_world_bsp/microblaze_0/lib -mlittle-endian -mxl-barrel-shift -mxl-pattern-compare -mcpu=v8.50.b -mno-xl-soft-mul -Wl,--no-relax -Wl,--gc-sections -o "hello_world.elf"  ./src/helloworld.o ./src/platform.o ./src/vga_periph_mem.o   -Wl,--start-group,-lxil,-lgcc,-lc,--end-group
'Finished building target: hello_world.elf'
' '
'Invoking: MicroBlaze Print Size'
mb-size hello_world.elf  |tee "hello_world.elf.size"
   text	   data	    bss	    dec	    hex	filename
   3962	    268	   2098	   6328	   18b8	hello_world.elf
'Finished building: hello_world.elf.size'
' '
'Invoking: Xilinx ELF Check'
elfcheck hello_world.elf -hw ../../basic_system_hw_platform/system.xml -pe microblaze_0  |tee "hello_world.elf.elfcheck"
elfcheck
Xilinx EDK 14.6 Build EDK_P.68d
Copyright (c) 1995-2012 Xilinx, Inc.  All rights reserved.

Command Line: elfcheck -hw ../../basic_system_hw_platform/system.xml -pe
microblaze_0 hello_world.elf 

ELF file	: hello_world.elf
elfcheck passed.
'Finished building: hello_world.elf.elfcheck'
' '
10:10:23 **** Incremental Build of configuration Debug for project hello_world ****
make all 
make: Ništa za napraviti za `all'.
10:10:30 **** Auto Build of configuration Debug for project hello_world ****
make all 
'Building file: ../src/vga_periph_mem.c'
'Invoking: MicroBlaze gcc compiler'
mb-gcc -Wall -O0 -g3 -c -fmessage-length=0 -I../../hello_world_bsp/microblaze_0/include -mlittle-endian -mxl-barrel-shift -mxl-pattern-compare -mcpu=v8.50.b -mno-xl-soft-mul -Wl,--no-relax -ffunction-sections -fdata-sections -MMD -MP -MF"src/vga_periph_mem.d" -MT"src/vga_periph_mem.d" -o "src/vga_periph_mem.o" "../src/vga_periph_mem.c"
'Finished building: ../src/vga_periph_mem.c'
' '
'Building target: hello_world.elf'
'Invoking: MicroBlaze gcc linker'
mb-gcc -Wl,-T -Wl,../src/lscript.ld -L../../hello_world_bsp/microblaze_0/lib -mlittle-endian -mxl-barrel-shift -mxl-pattern-compare -mcpu=v8.50.b -mno-xl-soft-mul -Wl,--no-relax -Wl,--gc-sections -o "hello_world.elf"  ./src/helloworld.o ./src/platform.o ./src/vga_periph_mem.o   -Wl,--start-group,-lxil,-lgcc,-lc,--end-group
'Finished building target: hello_world.elf'
' '
'Invoking: MicroBlaze Print Size'
mb-size hello_world.elf  |tee "hello_world.elf.size"
   text	   data	    bss	    dec	    hex	filename
   3962	    268	   2098	   6328	   18b8	hello_world.elf
'Finished building: hello_world.elf.size'
' '
'Invoking: Xilinx ELF Check'
elfcheck hello_world.elf -hw ../../basic_system_hw_platform/system.xml -pe microblaze_0  |tee "hello_world.elf.elfcheck"
elfcheck
Xilinx EDK 14.6 Build EDK_P.68d
Copyright (c) 1995-2012 Xilinx, Inc.  All rights reserved.

Command Line: elfcheck -hw ../../basic_system_hw_platform/system.xml -pe
microblaze_0 hello_world.elf 

ELF file	: hello_world.elf
elfcheck passed.
'Finished building: hello_world.elf.elfcheck'
' '
10:10:31 **** Incremental Build of configuration Debug for project hello_world ****
make all 
make: Ništa za napraviti za `all'.
